Component: ARM Compiler 5.06 update 5 (build 528) Tool: armlink [4d35e2]

==============================================================================

Section Cross References

    startup_stm32f103xb.o(STACK) refers (Special) to heapauxi.o(.text) for __use_two_region_memory
    startup_stm32f103xb.o(HEAP) refers (Special) to heapauxi.o(.text) for __use_two_region_memory
    startup_stm32f103xb.o(RESET) refers (Special) to heapauxi.o(.text) for __use_two_region_memory
    startup_stm32f103xb.o(RESET) refers to startup_stm32f103xb.o(STACK) for __initial_sp
    startup_stm32f103xb.o(RESET) refers to startup_stm32f103xb.o(.text) for Reset_Handler
    startup_stm32f103xb.o(RESET) refers to stm32f1xx_it.o(i.NMI_Handler) for NMI_Handler
    startup_stm32f103xb.o(RESET) refers to stm32f1xx_it.o(i.HardFault_Handler) for HardFault_Handler
    startup_stm32f103xb.o(RESET) refers to stm32f1xx_it.o(i.MemManage_Handler) for MemManage_Handler
    startup_stm32f103xb.o(RESET) refers to stm32f1xx_it.o(i.BusFault_Handler) for BusFault_Handler
    startup_stm32f103xb.o(RESET) refers to stm32f1xx_it.o(i.UsageFault_Handler) for UsageFault_Handler
    startup_stm32f103xb.o(RESET) refers to stm32f1xx_it.o(i.SVC_Handler) for SVC_Handler
    startup_stm32f103xb.o(RESET) refers to stm32f1xx_it.o(i.DebugMon_Handler) for DebugMon_Handler
    startup_stm32f103xb.o(RESET) refers to stm32f1xx_it.o(i.PendSV_Handler) for PendSV_Handler
    startup_stm32f103xb.o(RESET) refers to stm32f1xx_it.o(i.SysTick_Handler) for SysTick_Handler
    startup_stm32f103xb.o(RESET) refers to stm32f1xx_it.o(i.DMA1_Channel4_IRQHandler) for DMA1_Channel4_IRQHandler
    startup_stm32f103xb.o(RESET) refers to stm32f1xx_it.o(i.DMA1_Channel5_IRQHandler) for DMA1_Channel5_IRQHandler
    startup_stm32f103xb.o(RESET) refers to stm32f1xx_it.o(i.DMA1_Channel6_IRQHandler) for DMA1_Channel6_IRQHandler
    startup_stm32f103xb.o(RESET) refers to stm32f1xx_it.o(i.DMA1_Channel7_IRQHandler) for DMA1_Channel7_IRQHandler
    startup_stm32f103xb.o(RESET) refers to stm32f1xx_it.o(i.I2C1_EV_IRQHandler) for I2C1_EV_IRQHandler
    startup_stm32f103xb.o(RESET) refers to stm32f1xx_it.o(i.I2C1_ER_IRQHandler) for I2C1_ER_IRQHandler
    startup_stm32f103xb.o(RESET) refers to stm32f1xx_it.o(i.USART1_IRQHandler) for USART1_IRQHandler
    startup_stm32f103xb.o(.text) refers (Special) to heapauxi.o(.text) for __use_two_region_memory
    startup_stm32f103xb.o(.text) refers to system_stm32f1xx.o(i.SystemInit) for SystemInit
    startup_stm32f103xb.o(.text) refers to __main.o(!!!main) for __main
    startup_stm32f103xb.o(.text) refers to startup_stm32f103xb.o(HEAP) for Heap_Mem
    startup_stm32f103xb.o(.text) refers to startup_stm32f103xb.o(STACK) for Stack_Mem
    control.o(i.Control) refers to faddsub_clz.o(x$fpl$fsub) for __aeabi_fsub
    control.o(i.Control) refers to control.o(i.set_speed) for set_speed
    control.o(i.Control) refers to servo.o(i.Servo_PWMRflash) for Servo_PWMRflash
    control.o(i.Control) refers to control.o(.data) for .data
    control.o(i.Control) refers to servo.o(.data) for Servo_base_pwm
    control.o(i.Control) refers to servo.o(.data) for Servo_up_pwm
    control.o(i.PID_Init) refers to control.o(.data) for .data
    control.o(i.PTZ_Init) refers to control.o(i.PID_Init) for PID_Init
    control.o(i.PTZ_Init) refers to servo.o(i.Servo_Init) for Servo_Init
    data_processing.o(i.parse_serial_floats) refers to scanf1.o(x$fpl$scanf1) for _scanf_real
    data_processing.o(i.parse_serial_floats) refers to rt_memclr_w.o(.text) for __aeabi_memclr4
    data_processing.o(i.parse_serial_floats) refers to strstr.o(.text) for strstr
    data_processing.o(i.parse_serial_floats) refers to __0sscanf.o(.text) for __0sscanf
    data_processing.o(i.parse_serial_floats) refers to rt_memcpy_w.o(.text) for __aeabi_memcpy4
    servo.o(i.Servo_Init) refers to servo.o(.data) for .data
    servo.o(i.Servo_PWMRflash_By_Angle) refers to fdiv.o(x$fpl$fdiv) for __aeabi_fdiv
    servo.o(i.Servo_PWMRflash_By_Angle) refers to fmul.o(x$fpl$fmul) for __aeabi_fmul
    servo.o(i.Servo_PWMRflash_By_Angle) refers to faddsub_clz.o(x$fpl$fadd) for __aeabi_fadd
    servo.o(i.Servo_PWMRflash_By_Angle) refers to ffix.o(x$fpl$ffix) for __aeabi_f2iz
    pca9685.o(i.PCA_Servo) refers to pca9685.o(i.pca_setpwm) for pca_setpwm
    pca9685.o(i.PCA_Servo_Init) refers to pca9685.o(i.pca_write) for pca_write
    pca9685.o(i.PCA_Servo_Init) refers to pca9685.o(i.pca_setfreq) for pca_setfreq
    pca9685.o(i.PCA_Servo_Init) refers to pca9685.o(i.pca_setpwm) for pca_setpwm
    pca9685.o(i.PCA_Servo_Init) refers to stm32f1xx_hal.o(i.HAL_Delay) for HAL_Delay
    pca9685.o(i.pca_read) refers to stm32f1xx_hal_i2c.o(i.HAL_I2C_Master_Transmit) for HAL_I2C_Master_Transmit
    pca9685.o(i.pca_read) refers to stm32f1xx_hal_i2c.o(i.HAL_I2C_Master_Receive) for HAL_I2C_Master_Receive
    pca9685.o(i.pca_read) refers to i2c.o(.bss) for hi2c1
    pca9685.o(i.pca_setfreq) refers to f2d.o(x$fpl$f2d) for __aeabi_f2d
[...]
    i.I2C_ITError                            0x0800284c   Section        0  stm32f1xx_hal_i2c.o(i.I2C_ITError)
    I2C_ITError                              0x0800284d   Thumb Code   336  stm32f1xx_hal_i2c.o(i.I2C_ITError)
    i.I2C_IsAcknowledgeFailed                0x080029a4   Section        0  stm32f1xx_hal_i2c.o(i.I2C_IsAcknowledgeFailed)
    I2C_IsAcknowledgeFailed                  0x080029a5   Thumb Code    46  stm32f1xx_hal_i2c.o(i.I2C_IsAcknowledgeFailed)
    i.I2C_MasterReceive_BTF                  0x080029d2   Section        0  stm32f1xx_hal_i2c.o(i.I2C_MasterReceive_BTF)
    I2C_MasterReceive_BTF                    0x080029d3   Thumb Code   218  stm32f1xx_hal_i2c.o(i.I2C_MasterReceive_BTF)
    i.I2C_MasterReceive_RXNE                 0x08002aac   Section        0  stm32f1xx_hal_i2c.o(i.I2C_MasterReceive_RXNE)
    I2C_MasterReceive_RXNE                   0x08002aad   Thumb Code   238  stm32f1xx_hal_i2c.o(i.I2C_MasterReceive_RXNE)
    i.I2C_MasterRequestRead                  0x08002ba0   Section        0  stm32f1xx_hal_i2c.o(i.I2C_MasterRequestRead)
    I2C_MasterRequestRead                    0x08002ba1   Thumb Code   230  stm32f1xx_hal_i2c.o(i.I2C_MasterRequestRead)
    i.I2C_MasterRequestWrite                 0x08002c8c   Section        0  stm32f1xx_hal_i2c.o(i.I2C_MasterRequestWrite)
    I2C_MasterRequestWrite                   0x08002c8d   Thumb Code   150  stm32f1xx_hal_i2c.o(i.I2C_MasterRequestWrite)
    i.I2C_MasterTransmit_BTF                 0x08002d28   Section        0  stm32f1xx_hal_i2c.o(i.I2C_MasterTransmit_BTF)
    I2C_MasterTransmit_BTF                   0x08002d29   Thumb Code   130  stm32f1xx_hal_i2c.o(i.I2C_MasterTransmit_BTF)
    i.I2C_MasterTransmit_TXE                 0x08002dac   Section        0  stm32f1xx_hal_i2c.o(i.I2C_MasterTransmit_TXE)
    I2C_MasterTransmit_TXE                   0x08002dad   Thumb Code   182  stm32f1xx_hal_i2c.o(i.I2C_MasterTransmit_TXE)
    i.I2C_Master_ADDR                        0x08002e64   Section        0  stm32f1xx_hal_i2c.o(i.I2C_Master_ADDR)
    I2C_Master_ADDR                          0x08002e65   Thumb Code   340  stm32f1xx_hal_i2c.o(i.I2C_Master_ADDR)
    i.I2C_Master_SB                          0x08002fbc   Section        0  stm32f1xx_hal_i2c.o(i.I2C_Master_SB)
    I2C_Master_SB                            0x08002fbd   Thumb Code   140  stm32f1xx_hal_i2c.o(i.I2C_Master_SB)
    i.I2C_MemoryTransmit_TXE_BTF             0x08003048   Section        0  stm32f1xx_hal_i2c.o(i.I2C_MemoryTransmit_TXE_BTF)
    I2C_MemoryTransmit_TXE_BTF               0x08003049   Thumb Code   168  stm32f1xx_hal_i2c.o(i.I2C_MemoryTransmit_TXE_BTF)
    i.I2C_Slave_ADDR                         0x080030f0   Section        0  stm32f1xx_hal_i2c.o(i.I2C_Slave_ADDR)
    I2C_Slave_ADDR                           0x080030f1   Thumb Code    70  stm32f1xx_hal_i2c.o(i.I2C_Slave_ADDR)
    i.I2C_Slave_AF                           0x08003138   Section        0  stm32f1xx_hal_i2c.o(i.I2C_Slave_AF)
    I2C_Slave_AF                             0x08003139   Thumb Code   138  stm32f1xx_hal_i2c.o(i.I2C_Slave_AF)
    i.I2C_Slave_STOPF                        0x080031c8   Section        0  stm32f1xx_hal_i2c.o(i.I2C_Slave_STOPF)
    I2C_Slave_STOPF                          0x080031c9   Thumb Code   338  stm32f1xx_hal_i2c.o(i.I2C_Slave_STOPF)
    i.I2C_WaitOnBTFFlagUntilTimeout          0x08003324   Section        0  stm32f1xx_hal_i2c.o(i.I2C_WaitOnBTFFlagUntilTimeout)
    I2C_WaitOnBTFFlagUntilTimeout            0x08003325   Thumb Code    86  stm32f1xx_hal_i2c.o(i.I2C_WaitOnBTFFlagUntilTimeout)
    i.I2C_WaitOnFlagUntilTimeout             0x0800337c   Section        0  stm32f1xx_hal_i2c.o(i.I2C_WaitOnFlagUntilTimeout)
    I2C_WaitOnFlagUntilTimeout               0x0800337d   Thumb Code   144  stm32f1xx_hal_i2c.o(i.I2C_WaitOnFlagUntilTimeout)
    i.I2C_WaitOnMasterAddressFlagUntilTimeout 0x0800340c   Section        0  stm32f1xx_hal_i2c.o(i.I2C_WaitOnMasterAddressFlagUntilTimeout)
    I2C_WaitOnMasterAddressFlagUntilTimeout  0x0800340d   Thumb Code   188  stm32f1xx_hal_i2c.o(i.I2C_WaitOnMasterAddressFlagUntilTimeout)
    i.I2C_WaitOnRXNEFlagUntilTimeout         0x080034c8   Section        0  stm32f1xx_hal_i2c.o(i.I2C_WaitOnRXNEFlagUntilTimeout)
    I2C_WaitOnRXNEFlagUntilTimeout           0x080034c9   Thumb Code   112  stm32f1xx_hal_i2c.o(i.I2C_WaitOnRXNEFlagUntilTimeout)
    i.I2C_WaitOnTXEFlagUntilTimeout          0x08003538   Section        0  stm32f1xx_hal_i2c.o(i.I2C_WaitOnTXEFlagUntilTimeout)
    I2C_WaitOnTXEFlagUntilTimeout            0x08003539   Thumb Code    86  stm32f1xx_hal_i2c.o(i.I2C_WaitOnTXEFlagUntilTimeout)
    i.MX_CAN_Init                            0x08003590   Section        0  can.o(i.MX_CAN_Init)
    i.MX_DMA_Init                            0x080035cc   Section        0  dma.o(i.MX_DMA_Init)
    i.MX_GPIO_Init                           0x08003628   Section        0  gpio.o(i.MX_GPIO_Init)
    i.MX_I2C1_Init                           0x080036a8   Section        0  i2c.o(i.MX_I2C1_Init)
    i.MX_TIM1_Init                           0x080036e8   Section        0  tim.o(i.MX_TIM1_Init)
    i.MX_TIM3_Init                           0x080037c4   Section        0  tim.o(i.MX_TIM3_Init)
    i.MX_USART1_UART_Init                    0x0800385c   Section        0  usart.o(i.MX_USART1_UART_Init)
    i.MX_USART2_UART_Init                    0x080038b4   Section        0  usart.o(i.MX_USART2_UART_Init)
    i.MX_USART3_UART_Init                    0x0800390c   Section        0  usart.o(i.MX_USART3_UART_Init)
    i.MemManage_Handler                      0x08003944   Section        0  stm32f1xx_it.o(i.MemManage_Handler)
    i.NMI_Handler                            0x08003946   Section        0  stm32f1xx_it.o(i.NMI_Handler)
    i.PCA_Servo                              0x08003948   Section        0  pca9685.o(i.PCA_Servo)
    i.PCA_Servo_Init                         0x08003964   Section        0  pca9685.o(i.PCA_Servo_Init)
    i.PS2_AnologData                         0x08003a34   Section        0  ps2.o(i.PS2_AnologData)
    i.PS2_ClearData                          0x08003a40   Section        0  ps2.o(i.PS2_ClearData)
    i.PS2_Cmd                                0x08003a58   Section        0  ps2.o(i.PS2_Cmd)
    i.PS2_EnterConfing                       0x08003af0   Section        0  ps2.o(i.PS2_EnterConfing)
    i.PS2_ExitConfing                        0x08003b54   Section        0  ps2.o(i.PS2_ExitConfing)
    i.PS2_ReadData                           0x08003bb8   Section        0  ps2.o(i.PS2_ReadData)
    i.PS2_SetInit                            0x08003c84   Section        0  ps2.o(i.PS2_SetInit)
    i.PS2_ShortPoll                          0x08003ca8   Section        0  ps2.o(i.PS2_ShortPoll)
    i.PS2_TurnOnAnalogMode                   0x08003cf4   Section        0  ps2.o(i.PS2_TurnOnAnalogMode)
    i.PS2_VibrationMode                      0x08003d50   Section        0  ps2.o(i.PS2_VibrationMode)
    i.PendSV_Handler                         0x08003d9c   Section        0  stm32f1xx_it.o(i.PendSV_Handler)
    i.SVC_Handler                            0x08003d9e   Section        0  stm32f1xx_it.o(i.SVC_Handler)
    i.SysTick_Handler                        0x08003da0   Section        0  stm32f1xx_it.o(i.SysTick_Handler)
    i.SystemClock_Config                     0x08003da4   Section        0  main.o(i.SystemClock_Config)
    i.SystemInit                             0x08003e02   Section        0  system_stm32f1xx.o(i.SystemInit)
    i.TIM_Base_SetConfig                     0x08003e04   Section        0  stm32f1xx_hal_tim.o(i.TIM_Base_SetConfig)
    i.TIM_CCxChannelCmd                      0x08003e7c   Section        0  stm32f1xx_hal_tim.o(i.TIM_CCxChannelCmd)
    i.TIM_ETR_SetConfig                      0x08003e96   Section        0  stm32f1xx_hal_tim.o(i.TIM_ETR_SetConfig)
    i.TIM_ITRx_SetConfig                     0x08003eaa   Section        0  stm32f1xx_hal_tim.o(i.TIM_ITRx_SetConfig)
    TIM_ITRx_SetConfig                       0x08003eab   Thumb Code    16  stm32f1xx_hal_tim.o(i.TIM_ITRx_SetConfig)
    i.TIM_OC1_SetConfig                      0x08003ebc   Section        0  stm32f1xx_hal_tim.o(i.TIM_OC1_SetConfig)
    TIM_OC1_SetConfig                        0x08003ebd   Thumb Code    74  stm32f1xx_hal_tim.o(i.TIM_OC1_SetConfig)
    i.TIM_OC2_SetConfig                      0x08003f0c   Section        0  stm32f1xx_hal_tim.o(i.TIM_OC2_SetConfig)
    i.TIM_OC3_SetConfig                      0x08003f64   Section        0  stm32f1xx_hal_tim.o(i.TIM_OC3_SetConfig)
    TIM_OC3_SetConfig                        0x08003f65   Thumb Code    82  stm32f1xx_hal_tim.o(i.TIM_OC3_SetConfig)
    i.TIM_OC4_SetConfig                      0x08003fbc   Section        0  stm32f1xx_hal_tim.o(i.TIM_OC4_SetConfig)
    TIM_OC4_SetConfig                        0x08003fbd   Thumb Code    64  stm32f1xx_hal_tim.o(i.TIM_OC4_SetConfig)
    i.TIM_TI1_ConfigInputStage               0x08004000   Section        0  stm32f1xx_hal_tim.o(i.TIM_TI1_ConfigInputStage)
    TIM_TI1_ConfigInputStage                 0x08004001   Thumb Code    34  stm32f1xx_hal_tim.o(i.TIM_TI1_ConfigInputStage)
    i.TIM_TI2_ConfigInputStage               0x08004022   Section        0  stm32f1xx_hal_tim.o(i.TIM_TI2_ConfigInputStage)
    TIM_TI2_ConfigInputStage                 0x08004023   Thumb Code    36  stm32f1xx_hal_tim.o(i.TIM_TI2_ConfigInputStage)
    i.UART_DMAAbortOnError                   0x08004046   Section        0  stm32f1xx_hal_uart.o(i.UART_DMAAbortOnError)
    UART_DMAAbortOnError                     0x08004047   Thumb Code    16  stm32f1xx_hal_uart.o(i.UART_DMAAbortOnError)
    i.UART_DMAError                          0x08004056   Section        0  stm32f1xx_hal_uart.o(i.UART_DMAError)
    UART_DMAError                            0x08004057   Thumb Code    74  stm32f1xx_hal_uart.o(i.UART_DMAError)
    i.UART_DMAReceiveCplt                    0x080040a0   Section        0  stm32f1xx_hal_uart.o(i.UART_DMAReceiveCplt)
    UART_DMAReceiveCplt                      0x080040a1   Thumb Code   134  stm32f1xx_hal_uart.o(i.UART_DMAReceiveCplt)
    i.UART_DMARxHalfCplt                     0x08004126   Section        0  stm32f1xx_hal_uart.o(i.UART_DMARxHalfCplt)
    UART_DMARxHalfCplt                       0x08004127   Thumb Code    30  stm32f1xx_hal_uart.o(i.UART_DMARxHalfCplt)
    i.UART_DMATransmitCplt                   0x08004144   Section        0  stm32f1xx_hal_uart.o(i.UART_DMATransmitCplt)
    UART_DMATransmitCplt                     0x08004145   Thumb Code    66  stm32f1xx_hal_uart.o(i.UART_DMATransmitCplt)
    i.UART_DMATxHalfCplt                     0x08004186   Section        0  stm32f1xx_hal_uart.o(i.UART_DMATxHalfCplt)
    UART_DMATxHalfCplt                       0x08004187   Thumb Code    10  stm32f1xx_hal_uart.o(i.UART_DMATxHalfCplt)
    i.UART_EndRxTransfer                     0x08004190   Section        0  stm32f1xx_hal_uart.o(i.UART_EndRxTransfer)
    UART_EndRxTransfer                       0x08004191   Thumb Code    78  stm32f1xx_hal_uart.o(i.UART_EndRxTransfer)
    i.UART_EndTxTransfer                     0x080041de   Section        0  stm32f1xx_hal_uart.o(i.UART_EndTxTransfer)
    UART_EndTxTransfer                       0x080041df   Thumb Code    28  stm32f1xx_hal_uart.o(i.UART_EndTxTransfer)
    i.UART_Receive_IT                        0x080041fa   Section        0  stm32f1xx_hal_uart.o(i.UART_Receive_IT)
    UART_Receive_IT                          0x080041fb   Thumb Code   194  stm32f1xx_hal_uart.o(i.UART_Receive_IT)
    i.UART_SetConfig                         0x080042bc   Section        0  stm32f1xx_hal_uart.o(i.UART_SetConfig)
    UART_SetConfig                           0x080042bd   Thumb Code   178  stm32f1xx_hal_uart.o(i.UART_SetConfig)
    i.UART_Start_Receive_DMA                 0x08004374   Section        0  stm32f1xx_hal_uart.o(i.UART_Start_Receive_DMA)
    i.USART1_IRQHandler                      0x08004404   Section        0  stm32f1xx_it.o(i.USART1_IRQHandler)
    i.UsageFault_Handler                     0x08004484   Section        0  stm32f1xx_it.o(i.UsageFault_Handler)
    i.__NVIC_SetPriority                     0x08004486   Section        0  stm32f1xx_hal_cortex.o(i.__NVIC_SetPriority)
    __NVIC_SetPriority                       0x08004487   Thumb Code    32  stm32f1xx_hal_cortex.o(i.__NVIC_SetPriority)
    i._is_digit                              0x080044a6   Section        0  __printf_wp.o(i._is_digit)
    i.angle_limit                            0x080044b4   Section        0  servo.o(i.angle_limit)
    i.delay_us                               0x080044d4   Section        0  ps2.o(i.delay_us)
    i.floor                                  0x080044f0   Section        0  floor.o(i.floor)
    i.main                                   0x080045cc   Section        0  main.o(i.main)
    i.map                                    0x080046fc   Section        0  ps2.o(i.map)
    i.pca_read                               0x0800471c   Section        0  pca9685.o(i.pca_read)
    i.pca_setfreq                            0x0800474c   Section        0  pca9685.o(i.pca_setfreq)
    i.pca_setpwm                             0x080047ec   Section        0  pca9685.o(i.pca_setpwm)
    i.pca_write                              0x08004834   Section        0  pca9685.o(i.pca_write)
    x$fpl$d2f                                0x08004858   Section       98  d2f.o(x$fpl$d2f)
    x$fpl$dadd                               0x080048bc   Section      336  daddsub_clz.o(x$fpl$dadd)
    _dadd1                                   0x080048cd   Thumb Code     0  daddsub_clz.o(x$fpl$dadd)
    x$fpl$dcheck1                            0x08004a0c   Section       16  dcheck1.o(x$fpl$dcheck1)
    x$fpl$dcmpinf                            0x08004a1c   Section       24  dcmpi.o(x$fpl$dcmpinf)
    x$fpl$ddiv                               0x08004a34   Section      688  ddiv.o(x$fpl$ddiv)
    ddiv_entry                               0x08004a3b   Thumb Code     0  ddiv.o(x$fpl$ddiv)
    x$fpl$dfixu                              0x08004ce4   Section       90  dfixu.o(x$fpl$dfixu)
    x$fpl$dleqf                              0x08004d40   Section      120  dleqf.o(x$fpl$dleqf)
    x$fpl$dmul                               0x08004db8   Section      340  dmul.o(x$fpl$dmul)
    x$fpl$dnaninf                            0x08004f0c   Section      156  dnaninf.o(x$fpl$dnaninf)
    x$fpl$dretinf                            0x08004fa8   Section       12  dretinf.o(x$fpl$dretinf)
    x$fpl$drleqf                             0x08004fb4   Section      108  drleqf.o(x$fpl$drleqf)
    x$fpl$drsb                               0x08005020   Section       22  daddsub_clz.o(x$fpl$drsb)
    x$fpl$dsub                               0x08005038   Section      468  daddsub_clz.o(x$fpl$dsub)
    _dsub1                                   0x08005049   Thumb Code     0  daddsub_clz.o(x$fpl$dsub)
    x$fpl$f2d                                0x0800520c   Section       86  f2d.o(x$fpl$f2d)
    x$fpl$fnaninf                            0x08005262   Section      140  fnaninf.o(x$fpl$fnaninf)
    x$fpl$fretinf                            0x080052ee   Section       10  fretinf.o(x$fpl$fretinf)
    x$fpl$retnan                             0x080052f8   Section      100  retnan.o(x$fpl$retnan)
    x$fpl$scalbn                             0x0800535c   Section       92  scalbn.o(x$fpl$scalbn)
    x$fpl$trapveneer                         0x080053b8   Section       48  trapv.o(x$fpl$trapveneer)
    .constdata                               0x080053e8   Section       18  stm32f1xx_hal_rcc.o(.constdata)
    x$fpl$usenofp                            0x080053e8   Section        0  usenofp.o(x$fpl$usenofp)
    aPredivFactorTable                       0x080053e8   Data           2  stm32f1xx_hal_rcc.o(.constdata)
    aPLLMULFactorTable                       0x080053ea   Data          16  stm32f1xx_hal_rcc.o(.constdata)
    .constdata                               0x080053fa   Section       16  system_stm32f1xx.o(.constdata)
    .constdata                               0x0800540a   Section        8  system_stm32f1xx.o(.constdata)
    .constdata                               0x08005412   Section       17  __printf_flags_ss_wp.o(.constdata)
    maptable                                 0x08005412   Data          17  __printf_flags_ss_wp.o(.constdata)
    .data                                    0x20000000   Section       38  ps2.o(.data)
    .data                                    0x20000026   Section        1  main.o(.data)
    .data                                    0x20000027   Section        1  main.o(.data)
    .data                                    0x20000028   Section       12  stm32f1xx_hal.o(.data)
    .data                                    0x20000034   Section        4  system_stm32f1xx.o(.data)
    .bss                                     0x20000038   Section        9  ps2.o(.bss)
    .bss                                     0x20000041   Section      300  main.o(.bss)
    .bss                                     0x2000016d   Section      300  main.o(.bss)
    .bss                                     0x20000299   Section      300  main.o(.bss)
    .bss                                     0x200003c8   Section       40  can.o(.bss)
    .bss                                     0x200003f0   Section       84  i2c.o(.bss)
    .bss                                     0x20000444   Section      144  tim.o(.bss)
    .bss                                     0x200004d4   Section      488  usart.o(.bss)
    .bss                                     0x200006bc   Section       96  libspace.o(.bss)
    HEAP                                     0x20000720   Section      512  startup_stm32f103xb.o(HEAP)
    Heap_Mem                                 0x20000720   Data         512  startup_stm32f103xb.o(HEAP)
    STACK                                    0x20000920   Section     1024  startup_stm32f103xb.o(STACK)
    Stack_Mem                                0x20000920   Data        1024  startup_stm32f103xb.o(STACK)
    __initial_sp                             0x20000d20   Data           0  startup_stm32f103xb.o(STACK)

    Global Symbols

    Symbol Name                              Value     Ov Type        Size  Object(Section)

    BuildAttributes$$THM_ISAv4$P$D$K$B$S$PE$A:L22UL41UL21$X:L11$S22US41US21$IEEE1$IW$USESV6$~STKCKD$USESV7$~SHL$OTIME$ROPI$IEEEX$EBA8$UX$STANDARDLIB$REQ8$PRES8$EABIv2 0x00000000   Number         0  anon$$obj.o ABSOLUTE
    __ARM_use_no_argv                        0x00000000   Number         0  main.o ABSOLUTE
    _printf_flags                            0x00000000   Number         0  printf_stubs.o ABSOLUTE
    _printf_return_value                     0x00000000   Number         0  printf_stubs.o ABSOLUTE
    _printf_sizespec                         0x00000000   Number         0  printf_stubs.o ABSOLUTE
    _printf_widthprec                        0x00000000   Number         0  printf_stubs.o ABSOLUTE
    __ARM_exceptions_init                     - Undefined Weak Reference
    __alloca_initialize                       - Undefined Weak Reference
    __arm_preinit_                            - Undefined Weak Reference
    __cpp_initialize__aeabi_                  - Undefined Weak Reference
    __cxa_finalize                            - Undefined Weak Reference
    __sigvec_lookup                           - Undefined Weak Reference
    _atexit_init                              - Undefined Weak Reference
    _call_atexit_fns                          - Undefined Weak Reference
    _clock_init                               - Undefined Weak Reference
    _fp_trap_init                             - Undefined Weak Reference
    _fp_trap_shutdown                         - Undefined Weak Reference
    _get_lc_collate                           - Undefined Weak Reference
    _get_lc_monetary                          - Undefined Weak Reference
    _get_lc_time                              - Undefined Weak Reference
    _getenv_init                              - Undefined Weak Reference
    _handle_redirection                       - Undefined Weak Reference
    _init_alloc                               - Undefined Weak Reference
    _init_user_alloc                          - Undefined Weak Reference
    _initio                                   - Undefined Weak Reference
    _printf_mbtowc                            - Undefined Weak Reference
    _printf_wc                                - Undefined Weak Reference
    _rand_init                                - Undefined Weak Reference
    _scanf_int                                - Undefined Weak Reference
    _scanf_longlong                           - Undefined Weak Reference
    _scanf_mbtowc                             - Undefined Weak Reference
    _scanf_string                             - Undefined Weak Reference
    _scanf_wctomb                             - Undefined Weak Reference
    _scanf_wstring                            - Undefined Weak Reference
    _signal_finish                            - Undefined Weak Reference
    _signal_init                              - Undefined Weak Reference
    _terminate_alloc                          - Undefined Weak Reference
    _terminate_user_alloc                     - Undefined Weak Reference
    _terminateio                              - Undefined Weak Reference
    __Vectors_Size                           0x000000ec   Number         0  startup_stm32f103xb.o ABSOLUTE
    __Vectors                                0x08000000   Data           4  startup_stm32f103xb.o(RESET)
    __Vectors_End                            0x080000ec   Data           0  startup_stm32f103xb.o(RESET)
    __main                                   0x080000ed   Thumb Code     8  __main.o(!!!main)
    __scatterload                            0x080000f5   Thumb Code     0  __scatter.o(!!!scatter)
    __scatterload_rt2                        0x080000f5   Thumb Code    44  __scatter.o(!!!scatter)
    __scatterload_rt2_thumb_only             0x080000f5   Thumb Code     0  __scatter.o(!!!scatter)
    __scatterload_null                       0x08000103   Thumb Code     0  __scatter.o(!!!scatter)
    __scatterload_copy                       0x08000129   Thumb Code    26  __scatter_copy.o(!!handler_copy)
    __scatterload_zeroinit                   0x08000145   Thumb Code    28  __scatter_zi.o(!!handler_zi)
    _printf_d                                0x08000161   Thumb Code     0  _printf_d.o(.ARM.Collect$$_printf_percent$$00000009)
    _printf_percent                          0x08000161   Thumb Code     0  _printf_percent.o(.ARM.Collect$$_printf_percent$$00000000)
    _printf_percent_end                      0x08000167   Thumb Code     0  _printf_percent_end.o(.ARM.Collect$$_printf_percent$$00000017)
    __rt_lib_init                            0x0800016b   Thumb Code     0  libinit.o(.ARM.Collect$$libinit$$00000000)
    __rt_lib_init_alloca_1                   0x0800016d   Thumb Code     0  libinit2.o(.ARM.Collect$$libinit$$0000002E)
    __rt_lib_init_argv_1                     0x0800016d   Thumb Code     0  libinit2.o(.ARM.Collect$$libinit$$0000002C)
    __rt_lib_init_atexit_1                   0x0800016d   Thumb Code     0  libinit2.o(.ARM.Collect$$libinit$$0000001B)
    __rt_lib_init_clock_1                    0x0800016d   Thumb Code     0  libinit2.o(.ARM.Collect$$libinit$$00000021)
    __rt_lib_init_cpp_1                      0x0800016d   Thumb Code     0  libinit2.o(.ARM.Collect$$libinit$$00000032)
    __rt_lib_init_exceptions_1               0x0800016d   Thumb Code     0  libinit2.o(.ARM.Collect$$libinit$$00000030)
    __rt_lib_init_fp_1                       0x0800016d   Thumb Code     0  libinit2.o(.ARM.Collect$$libinit$$00000002)
    __rt_lib_init_fp_trap_1                  0x0800016d   Thumb Code     0  libinit2.o(.ARM.Collect$$libinit$$0000001F)
    __rt_lib_init_getenv_1                   0x0800016d   Thumb Code     0  libinit2.o(.ARM.Collect$$libinit$$00000023)
    __rt_lib_init_heap_1                     0x0800016d   Thumb Code     0  libinit2.o(.ARM.Collect$$libinit$$0000000A)
    __rt_lib_init_lc_collate_1               0x0800016d   Thumb Code     0  libinit2.o(.ARM.Collect$$libinit$$00000011)
    __rt_lib_init_lc_ctype_1                 0x0800016d   Thumb Code     0  libinit2.o(.ARM.Collect$$libinit$$00000013)
    __rt_lib_init_lc_monetary_1              0x0800016d   Thumb Code     0  libinit2.o(.ARM.Collect$$libinit$$00000015)
    __rt_lib_init_lc_numeric_1               0x0800016d   Thumb Code     0  libinit2.o(.ARM.Collect$$libinit$$00000017)
    __rt_lib_init_lc_time_1                  0x0800016d   Thumb Code     0  libinit2.o(.ARM.Collect$$libinit$$00000019)
    __rt_lib_init_preinit_1                  0x0800016d   Thumb Code     0  libinit2.o(.ARM.Collect$$libinit$$00000004)
    __rt_lib_init_rand_1                     0x0800016d   Thumb Code     0  libinit2.o(.ARM.Collect$$libinit$$0000000E)
    __rt_lib_init_return                     0x0800016d   Thumb Code     0  libinit2.o(.ARM.Collect$$libinit$$00000033)
    __rt_lib_init_signal_1                   0x0800016d   Thumb Code     0  libinit2.o(.ARM.Collect$$libinit$$0000001D)
    __rt_lib_init_stdio_1                    0x0800016d   Thumb Code     0  libinit2.o(.ARM.Collect$$libinit$$00000025)
    __rt_lib_init_user_alloc_1               0x0800016d   Thumb Code     0  libinit2.o(.ARM.Collect$$libinit$$0000000C)
    __rt_lib_shutdown                        0x0800016f   Thumb Code     0  libshutdown.o(.ARM.Collect$$libshutdown$$00000000)
    __rt_lib_shutdown_cpp_1                  0x08000171   Thumb Code     0  libshutdown2.o(.ARM.Collect$$libshutdown$$00000002)
    __rt_lib_shutdown_fp_trap_1              0x08000171   Thumb Code     0  libshutdown2.o(.ARM.Collect$$libshutdown$$00000007)
    __rt_lib_shutdown_heap_1                 0x08000171   Thumb Code     0  libshutdown2.o(.ARM.Collect$$libshutdown$$0000000F)
    __rt_lib_shutdown_return                 0x08000171   Thumb Code     0  libshutdown2.o(.ARM.Collect$$libshutdown$$00000010)
    __rt_lib_shutdown_signal_1               0x08000171   Thumb Code     0  libshutdown2.o(.ARM.Collect$$libshutdown$$0000000A)
    __rt_lib_shutdown_stdio_1                0x08000171   Thumb Code     0  libshutdown2.o(.ARM.Collect$$libshutdown$$00000004)
    __rt_lib_shutdown_user_alloc_1           0x08000171   Thumb Code     0  libshutdown2.o(.ARM.Collect$$libshutdown$$0000000C)
    __rt_entry                               0x08000173   Thumb Code     0  __rtentry.o(.ARM.Collect$$rtentry$$00000000)
    __rt_entry_presh_1                       0x08000173   Thumb Code     0  __rtentry2.o(.ARM.Collect$$rtentry$$00000002)
    __rt_entry_sh                            0x08000173   Thumb Code     0  __rtentry4.o(.ARM.Collect$$rtentry$$00000004)
    __rt_entry_li                            0x08000179   Thumb Code     0  __rtentry2.o(.ARM.Collect$$rtentry$$0000000A)
    __rt_entry_postsh_1                      0x08000179   Thumb Code     0  __rtentry2.o(.ARM.Collect$$rtentry$$00000009)
    __rt_entry_main                          0x0800017d   Thumb Code     0  __rtentry2.o(.ARM.Collect$$rtentry$$0000000D)
    __rt_entry_postli_1                      0x0800017d   Thumb Code     0  __rtentry2.o(.ARM.Collect$$rtentry$$0000000C)
    __rt_exit                                0x08000185   Thumb Code     0  rtexit.o(.ARM.Collect$$rtexit$$00000000)
    __rt_exit_ls                             0x08000187   Thumb Code     0  rtexit2.o(.ARM.Collect$$rtexit$$00000003)
    __rt_exit_prels_1                        0x08000187   Thumb Code     0  rtexit2.o(.ARM.Collect$$rtexit$$00000002)
    __rt_exit_exit                           0x0800018b   Thumb Code     0  rtexit2.o(.ARM.Collect$$rtexit$$00000004)
    Reset_Handler                            0x08000191   Thumb Code     8  startup_stm32f103xb.o(.text)
    ADC1_2_IRQHandler                        0x080001ab   Thumb Code     0  startup_stm32f103xb.o(.text)
    CAN1_RX1_IRQHandler                      0x080001ab   Thumb Code     0  startup_stm32f103xb.o(.text)
    CAN1_SCE_IRQHandler                      0x080001ab   Thumb Code     0  startup_stm32f103xb.o(.text)
    DMA1_Channel1_IRQHandler                 0x080001ab   Thumb Code     0  startup_stm32f103xb.o(.text)
    DMA1_Channel2_IRQHandler                 0x080001ab   Thumb Code     0  startup_stm32f103xb.o(.text)
    DMA1_Channel3_IRQHandler                 0x080001ab   Thumb Code     0  startup_stm32f103xb.o(.text)
    EXTI0_IRQHandler                         0x080001ab   Thumb Code     0  startup_stm32f103xb.o(.text)
    EXTI15_10_IRQHandler                     0x080001ab   Thumb Code     0  startup_stm32f103xb.o(.text)
    EXTI1_IRQHandler                         0x080001ab   Thumb Code     0  startup_stm32f103xb.o(.text)
    EXTI2_IRQHandler                         0x080001ab   Thumb Code     0  startup_stm32f103xb.o(.text)
    EXTI3_IRQHandler                         0x080001ab   Thumb Code     0  startup_stm32f103xb.o(.text)
    EXTI4_IRQHandler                         0x080001ab   Thumb Code     0  startup_stm32f103xb.o(.text)
    EXTI9_5_IRQHandler                       0x080001ab   Thumb Code     0  startup_stm32f103xb.o(.text)
    FLASH_IRQHandler                         0x080001ab   Thumb Code     0  startup_stm32f103xb.o(.text)
    I2C2_ER_IRQHandler                       0x080001ab   Thumb Code     0  startup_stm32f103xb.o(.text)
    I2C2_EV_IRQHandler                       0x080001ab   Thumb Code     0  startup_stm32f103xb.o(.text)
    PVD_IRQHandler                           0x080001ab   Thumb Code     0  startup_stm32f103xb.o(.text)
    RCC_IRQHandler                           0x080001ab   Thumb Code     0  startup_stm32f103xb.o(.text)
    RTC_Alarm_IRQHandler                     0x080001ab   Thumb Code     0  startup_stm32f103xb.o(.text)
    RTC_IRQHandler                           0x080001ab   Thumb Code     0  startup_stm32f103xb.o(.text)
    SPI1_IRQHandler                          0x080001ab   Thumb Code     0  startup_stm32f103xb.o(.text)
    SPI2_IRQHandler                          0x080001ab   Thumb Code     0  startup_stm32f103xb.o(.text)
    TAMPER_IRQHandler                        0x080001ab   Thumb Code     0  startup_stm32f103xb.o(.text)
    TIM1_BRK_IRQHandler                      0x080001ab   Thumb Code     0  startup_stm32f103xb.o(.text)
    TIM1_CC_IRQHandler                       0x080001ab   Thumb Code     0  startup_stm32f103xb.o(.text)
    TIM1_TRG_COM_IRQHandler                  0x080001ab   Thumb Code     0  startup_stm32f103xb.o(.text)
    TIM1_UP_IRQHandler                       0x080001ab   Thumb Code     0  startup_stm32f103xb.o(.text)
    TIM2_IRQHandler                          0x080001ab   Thumb Code     0  startup_stm32f103xb.o(.text)
    TIM3_IRQHandler                          0x080001ab   Thumb Code     0  startup_stm32f103xb.o(.text)
    TIM4_IRQHandler                          0x080001ab   Thumb Code     0  startup_stm32f103xb.o(.text)
    USART2_IRQHandler                        0x080001ab   Thumb Code     0  startup_stm32f103xb.o(.text)
    USART3_IRQHandler                        0x080001ab   Thumb Code     0  startup_stm32f103xb.o(.text)
    USBWakeUp_IRQHandler                     0x080001ab   Thumb Code     0  startup_stm32f103xb.o(.text)
    USB_HP_CAN1_TX_IRQHandler                0x080001ab   Thumb Code     0  startup_stm32f103xb.o(.text)
    USB_LP_CAN1_RX0_IRQHandler               0x080001ab   Thumb Code     0  startup_stm32f103xb.o(.text)
    WWDG_IRQHandler                          0x080001ab   Thumb Code     0  startup_stm32f103xb.o(.text)
    __user_initial_stackheap                 0x080001ad   Thumb Code     0  startup_stm32f103xb.o(.text)
    __2snprintf                              0x080001d1   Thumb Code    50  __2snprintf.o(.text)
    _printf_pre_padding                      0x08000209   Thumb Code    44  _printf_pad.o(.text)
    _printf_post_padding                     0x08000235   Thumb Code    34  _printf_pad.o(.text)
    _printf_int_dec                          0x08000259   Thumb Code   104  _printf_dec.o(.text)
    __printf                                 0x080002d1   Thumb Code   388  __printf_flags_ss_wp.o(.text)
    __aeabi_memcpy                           0x08000459   Thumb Code     0  rt_memcpy_v6.o(.text)
    __rt_memcpy                              0x08000459   Thumb Code   138  rt_memcpy_v6.o(.text)
    _memcpy_lastbytes                        0x080004bf   Thumb Code     0  rt_memcpy_v6.o(.text)
    __aeabi_memcpy4                          0x080004e3   Thumb Code     0  rt_memcpy_w.o(.text)
    __aeabi_memcpy8                          0x080004e3   Thumb Code     0  rt_memcpy_w.o(.text)
    __rt_memcpy_w                            0x080004e3   Thumb Code   100  rt_memcpy_w.o(.text)
    _memcpy_lastbytes_aligned                0x0800052b   Thumb Code     0  rt_memcpy_w.o(.text)
    __aeabi_memclr                           0x08000547   Thumb Code     0  rt_memclr.o(.text)
    __rt_memclr                              0x08000547   Thumb Code    68  rt_memclr.o(.text)
    _memset                                  0x0800054b   Thumb Code     0  rt_memclr.o(.text)
    __aeabi_memclr4                          0x0800058b   Thumb Code     0  rt_memclr_w.o(.text)
    __aeabi_memclr8                          0x0800058b   Thumb Code     0  rt_memclr_w.o(.text)
    __rt_memclr_w                            0x0800058b   Thumb Code    78  rt_memclr_w.o(.text)
    _memset_w                                0x0800058f   Thumb Code     0  rt_memclr_w.o(.text)
    __use_two_region_memory                  0x080005d9   Thumb Code     2  heapauxi.o(.text)
    __rt_heap_escrow$2region                 0x080005db   Thumb Code     2  heapauxi.o(.text)
    __rt_heap_expand$2region                 0x080005dd   Thumb Code     2  heapauxi.o(.text)
    _printf_int_common                       0x080005df   Thumb Code   178  _printf_intcommon.o(.text)
    _printf_char_common                      0x0800069b   Thumb Code    32  _printf_char_common.o(.text)
    _sputc                                   0x080006c1   Thumb Code    10  _sputc.o(.text)
    _snputc                                  0x080006cb   Thumb Code    16  _snputc.o(.text)
    __user_libspace                          0x080006dd   Thumb Code     8  libspace.o(.text)
    __user_perproc_libspace                  0x080006dd   Thumb Code     0  libspace.o(.text)
    __user_perthread_libspace                0x080006dd   Thumb Code     0  libspace.o(.text)
    __user_setup_stackheap                   0x080006e5   Thumb Code    74  sys_stackheap_outer.o(.text)
    exit                                     0x0800072f   Thumb Code    18  exit.o(.text)
    _sys_exit                                0x08000741   Thumb Code     8  sys_exit.o(.text)
    __I$use$semihosting                      0x0800074d   Thumb Code     0  use_no_semi.o(.text)
    __use_no_semihosting_swi                 0x0800074d   Thumb Code     2  use_no_semi.o(.text)
    BusFault_Handler                         0x0800074f   Thumb Code     2  stm32f1xx_it.o(i.BusFault_Handler)
    __semihosting_library_function           0x0800074f   Thumb Code     0  indicate_semi.o(.text)
    DMA1_Channel4_IRQHandler                 0x08000751   Thumb Code     6  stm32f1xx_it.o(i.DMA1_Channel4_IRQHandler)
    DMA1_Channel5_IRQHandler                 0x0800075d   Thumb Code     6  stm32f1xx_it.o(i.DMA1_Channel5_IRQHandler)
    DMA1_Channel6_IRQHandler                 0x08000769   Thumb Code     6  stm32f1xx_it.o(i.DMA1_Channel6_IRQHandler)
    DMA1_Channel7_IRQHandler                 0x08000775   Thumb Code     6  stm32f1xx_it.o(i.DMA1_Channel7_IRQHandler)
    DebugMon_Handler                         0x080007ab   Thumb Code     2  stm32f1xx_it.o(i.DebugMon_Handler)
    Error_Handler                            0x080007ad   Thumb Code     4  main.o(i.Error_Handler)
    HAL_CAN_Init                             0x080007b1   Thumb Code   282  stm32f1xx_hal_can.o(i.HAL_CAN_Init)
    HAL_CAN_MspInit                          0x080008cd   Thumb Code   114  can.o(i.HAL_CAN_MspInit)
    HAL_DMA_Abort                            0x08000951   Thumb Code    70  stm32f1xx_hal_dma.o(i.HAL_DMA_Abort)
    HAL_DMA_Abort_IT                         0x08000999   Thumb Code   148  stm32f1xx_hal_dma.o(i.HAL_DMA_Abort_IT)
    HAL_DMA_GetState                         0x08000a31   Thumb Code     6  stm32f1xx_hal_dma.o(i.HAL_DMA_GetState)
    HAL_DMA_IRQHandler                       0x08000a39   Thumb Code   316  stm32f1xx_hal_dma.o(i.HAL_DMA_IRQHandler)
    HAL_DMA_Init                             0x08000b8d   Thumb Code    84  stm32f1xx_hal_dma.o(i.HAL_DMA_Init)
    HAL_DMA_Start_IT                         0x08000be9   Thumb Code   112  stm32f1xx_hal_dma.o(i.HAL_DMA_Start_IT)
    HAL_Delay                                0x08000c59   Thumb Code    32  stm32f1xx_hal.o(i.HAL_Delay)
    HAL_GPIO_Init                            0x08000c7d   Thumb Code   446  stm32f1xx_hal_gpio.o(i.HAL_GPIO_Init)
    HAL_GPIO_ReadPin                         0x08000e5d   Thumb Code    10  stm32f1xx_hal_gpio.o(i.HAL_GPIO_ReadPin)
    HAL_GPIO_WritePin                        0x08000e67   Thumb Code    10  stm32f1xx_hal_gpio.o(i.HAL_GPIO_WritePin)
    HAL_GetTick                              0x08000e71   Thumb Code     6  stm32f1xx_hal.o(i.HAL_GetTick)
    HAL_I2C_AbortCpltCallback                0x08000e7d   Thumb Code     2  stm32f1xx_hal_i2c.o(i.HAL_I2C_AbortCpltCallback)
    HAL_I2C_AddrCallback                     0x08000e7f   Thumb Code     2  stm32f1xx_hal_i2c.o(i.HAL_I2C_AddrCallback)
    HAL_I2C_ER_IRQHandler                    0x08000e81   Thumb Code   196  stm32f1xx_hal_i2c.o(i.HAL_I2C_ER_IRQHandler)
    HAL_I2C_EV_IRQHandler                    0x08000f45   Thumb Code   560  stm32f1xx_hal_i2c.o(i.HAL_I2C_EV_IRQHandler)
    HAL_I2C_ErrorCallback                    0x08001175   Thumb Code     2  stm32f1xx_hal_i2c.o(i.HAL_I2C_ErrorCallback)
    HAL_I2C_Init                             0x08001179   Thumb Code   376  stm32f1xx_hal_i2c.o(i.HAL_I2C_Init)
    HAL_I2C_ListenCpltCallback               0x08001301   Thumb Code     2  stm32f1xx_hal_i2c.o(i.HAL_I2C_ListenCpltCallback)
    HAL_I2C_MasterRxCpltCallback             0x08001303   Thumb Code     2  stm32f1xx_hal_i2c.o(i.HAL_I2C_MasterRxCpltCallback)
    HAL_I2C_MasterTxCpltCallback             0x08001305   Thumb Code     2  stm32f1xx_hal_i2c.o(i.HAL_I2C_MasterTxCpltCallback)
    HAL_I2C_Master_Receive                   0x08001309   Thumb Code   576  stm32f1xx_hal_i2c.o(i.HAL_I2C_Master_Receive)
    HAL_I2C_Master_Transmit                  0x08001559   Thumb Code   290  stm32f1xx_hal_i2c.o(i.HAL_I2C_Master_Transmit)
    HAL_I2C_MemRxCpltCallback                0x08001685   Thumb Code     2  stm32f1xx_hal_i2c.o(i.HAL_I2C_MemRxCpltCallback)
    HAL_I2C_MemTxCpltCallback                0x08001687   Thumb Code     2  stm32f1xx_hal_i2c.o(i.HAL_I2C_MemTxCpltCallback)
    HAL_I2C_MspInit                          0x08001689   Thumb Code   112  i2c.o(i.HAL_I2C_MspInit)
    HAL_I2C_SlaveRxCpltCallback              0x08001705   Thumb Code     2  stm32f1xx_hal_i2c.o(i.HAL_I2C_SlaveRxCpltCallback)
    HAL_I2C_SlaveTxCpltCallback              0x08001707   Thumb Code     2  stm32f1xx_hal_i2c.o(i.HAL_I2C_SlaveTxCpltCallback)
    HAL_IncTick                              0x08001709   Thumb Code    12  stm32f1xx_hal.o(i.HAL_IncTick)
    HAL_Init                                 0x08001719   Thumb Code    32  stm32f1xx_hal.o(i.HAL_Init)
    HAL_InitTick                             0x0800173d   Thumb Code    54  stm32f1xx_hal.o(i.HAL_InitTick)
    HAL_MspInit                              0x0800177d   Thumb Code    52  stm32f1xx_hal_msp.o(i.HAL_MspInit)
    HAL_NVIC_EnableIRQ                       0x080017b9   Thumb Code    26  stm32f1xx_hal_cortex.o(i.HAL_NVIC_EnableIRQ)
    HAL_NVIC_SetPriority                     0x080017d5   Thumb Code    60  stm32f1xx_hal_cortex.o(i.HAL_NVIC_SetPriority)
    HAL_NVIC_SetPriorityGrouping             0x08001815   Thumb Code    26  stm32f1xx_hal_cortex.o(i.HAL_NVIC_SetPriorityGrouping)
    HAL_RCC_ClockConfig                      0x08001839   Thumb Code   280  stm32f1xx_hal_rcc.o(i.HAL_RCC_ClockConfig)
    HAL_RCC_GetHCLKFreq                      0x08001965   Thumb Code     6  stm32f1xx_hal_rcc.o(i.HAL_RCC_GetHCLKFreq)
    HAL_RCC_GetPCLK1Freq                     0x08001971   Thumb Code    20  stm32f1xx_hal_rcc.o(i.HAL_RCC_GetPCLK1Freq)
    HAL_RCC_GetPCLK2Freq                     0x08001991   Thumb Code    20  stm32f1xx_hal_rcc.o(i.HAL_RCC_GetPCLK2Freq)
    HAL_RCC_GetSysClockFreq                  0x080019b1   Thumb Code    58  stm32f1xx_hal_rcc.o(i.HAL_RCC_GetSysClockFreq)
    HAL_RCC_OscConfig                        0x080019fd   Thumb Code   778  stm32f1xx_hal_rcc.o(i.HAL_RCC_OscConfig)
    HAL_SYSTICK_Config                       0x08001d1d   Thumb Code    40  stm32f1xx_hal_cortex.o(i.HAL_SYSTICK_Config)
    HAL_TIMEx_ConfigBreakDeadTime            0x08001d45   Thumb Code    84  stm32f1xx_hal_tim_ex.o(i.HAL_TIMEx_ConfigBreakDeadTime)
    HAL_TIMEx_MasterConfigSynchronization    0x08001d99   Thumb Code    92  stm32f1xx_hal_tim_ex.o(i.HAL_TIMEx_MasterConfigSynchronization)
    HAL_TIM_Base_Init                        0x08001e01   Thumb Code    90  stm32f1xx_hal_tim.o(i.HAL_TIM_Base_Init)
    HAL_TIM_Base_MspInit                     0x08001e5d   Thumb Code    52  tim.o(i.HAL_TIM_Base_MspInit)
    HAL_TIM_ConfigClockSource                0x08001e9d   Thumb Code   220  stm32f1xx_hal_tim.o(i.HAL_TIM_ConfigClockSource)
    HAL_TIM_MspPostInit                      0x08001f79   Thumb Code    98  tim.o(i.HAL_TIM_MspPostInit)
    HAL_TIM_PWM_ConfigChannel                0x08001ff1   Thumb Code   204  stm32f1xx_hal_tim.o(i.HAL_TIM_PWM_ConfigChannel)
    HAL_TIM_PWM_Init                         0x080020bd   Thumb Code    90  stm32f1xx_hal_tim.o(i.HAL_TIM_PWM_Init)
    HAL_TIM_PWM_MspInit                      0x08002117   Thumb Code     2  stm32f1xx_hal_tim.o(i.HAL_TIM_PWM_MspInit)
    HAL_TIM_PWM_Start                        0x08002119   Thumb Code   144  stm32f1xx_hal_tim.o(i.HAL_TIM_PWM_Start)
    HAL_UARTEx_RxEventCallback               0x080021b5   Thumb Code     2  stm32f1xx_hal_uart.o(i.HAL_UARTEx_RxEventCallback)
    HAL_UART_DMAStop                         0x080021b7   Thumb Code   112  stm32f1xx_hal_uart.o(i.HAL_UART_DMAStop)
    HAL_UART_ErrorCallback                   0x08002227   Thumb Code     2  stm32f1xx_hal_uart.o(i.HAL_UART_ErrorCallback)
    HAL_UART_IRQHandler                      0x08002229   Thumb Code   616  stm32f1xx_hal_uart.o(i.HAL_UART_IRQHandler)
    HAL_UART_Init                            0x08002495   Thumb Code   100  stm32f1xx_hal_uart.o(i.HAL_UART_Init)
    HAL_UART_MspInit                         0x080024f9   Thumb Code   432  usart.o(i.HAL_UART_MspInit)
    HAL_UART_Receive_DMA                     0x080026c9   Thumb Code    28  stm32f1xx_hal_uart.o(i.HAL_UART_Receive_DMA)
    HAL_UART_RxCpltCallback                  0x080026e5   Thumb Code     2  stm32f1xx_hal_uart.o(i.HAL_UART_RxCpltCallback)
    HAL_UART_RxHalfCpltCallback              0x080026e7   Thumb Code     2  stm32f1xx_hal_uart.o(i.HAL_UART_RxHalfCpltCallback)
    HAL_UART_Transmit_DMA                    0x080026e9   Thumb Code   106  stm32f1xx_hal_uart.o(i.HAL_UART_Transmit_DMA)
    HAL_UART_TxCpltCallback                  0x08002761   Thumb Code     2  stm32f1xx_hal_uart.o(i.HAL_UART_TxCpltCallback)
    HAL_UART_TxHalfCpltCallback              0x08002763   Thumb Code     2  stm32f1xx_hal_uart.o(i.HAL_UART_TxHalfCpltCallback)
    HardFault_Handler                        0x08002765   Thumb Code     2  stm32f1xx_it.o(i.HardFault_Handler)
    I2C1_ER_IRQHandler                       0x08002769   Thumb Code     6  stm32f1xx_it.o(i.I2C1_ER_IRQHandler)
    I2C1_EV_IRQHandler                       0x08002775   Thumb Code     6  stm32f1xx_it.o(i.I2C1_EV_IRQHandler)
    MX_CAN_Init                              0x08003591   Thumb Code    52  can.o(i.MX_CAN_Init)
    MX_DMA_Init                              0x080035cd   Thumb Code    88  dma.o(i.MX_DMA_Init)
    MX_GPIO_Init                             0x08003629   Thumb Code   118  gpio.o(i.MX_GPIO_Init)
    MX_I2C1_Init                             0x080036a9   Thumb Code    50  i2c.o(i.MX_I2C1_Init)
    MX_TIM1_Init                             0x080036e9   Thumb Code   210  tim.o(i.MX_TIM1_Init)
    MX_TIM3_Init                             0x080037c5   Thumb Code   144  tim.o(i.MX_TIM3_Init)
    MX_USART1_UART_Init                      0x0800385d   Thumb Code    74  usart.o(i.MX_USART1_UART_Init)
    MX_USART2_UART_Init                      0x080038b5   Thumb Code    74  usart.o(i.MX_USART2_UART_Init)
    MX_USART3_UART_Init                      0x0800390d   Thumb Code    48  usart.o(i.MX_USART3_UART_Init)
    MemManage_Handler                        0x08003945   Thumb Code     2  stm32f1xx_it.o(i.MemManage_Handler)
    NMI_Handler                              0x08003947   Thumb Code     2  stm32f1xx_it.o(i.NMI_Handler)
    PCA_Servo                                0x08003949   Thumb Code    28  pca9685.o(i.PCA_Servo)
    PCA_Servo_Init                           0x08003965   Thumb Code   208  pca9685.o(i.PCA_Servo_Init)
    PS2_AnologData                           0x08003a35   Thumb Code     6  ps2.o(i.PS2_AnologData)
    PS2_ClearData                            0x08003a41   Thumb Code    18  ps2.o(i.PS2_ClearData)
    PS2_Cmd                                  0x08003a59   Thumb Code   142  ps2.o(i.PS2_Cmd)
    PS2_EnterConfing                         0x08003af1   Thumb Code    94  ps2.o(i.PS2_EnterConfing)
    PS2_ExitConfing                          0x08003b55   Thumb Code    94  ps2.o(i.PS2_ExitConfing)
    PS2_ReadData                             0x08003bb9   Thumb Code   192  ps2.o(i.PS2_ReadData)
    PS2_SetInit                              0x08003c85   Thumb Code    34  ps2.o(i.PS2_SetInit)
    PS2_ShortPoll                            0x08003ca9   Thumb Code    70  ps2.o(i.PS2_ShortPoll)
    PS2_TurnOnAnalogMode                     0x08003cf5   Thumb Code    88  ps2.o(i.PS2_TurnOnAnalogMode)
    PS2_VibrationMode                        0x08003d51   Thumb Code    70  ps2.o(i.PS2_VibrationMode)
    PendSV_Handler                           0x08003d9d   Thumb Code     2  stm32f1xx_it.o(i.PendSV_Handler)
    SVC_Handler                              0x08003d9f   Thumb Code     2  stm32f1xx_it.o(i.SVC_Handler)
    SysTick_Handler                          0x08003da1   Thumb Code     4  stm32f1xx_it.o(i.SysTick_Handler)
    SystemClock_Config                       0x08003da5   Thumb Code    94  main.o(i.SystemClock_Config)
    SystemInit                               0x08003e03   Thumb Code     2  system_stm32f1xx.o(i.SystemInit)
    TIM_Base_SetConfig                       0x08003e05   Thumb Code   108  stm32f1xx_hal_tim.o(i.TIM_Base_SetConfig)
    TIM_CCxChannelCmd                        0x08003e7d   Thumb Code    26  stm32f1xx_hal_tim.o(i.TIM_CCxChannelCmd)
    TIM_ETR_SetConfig                        0x08003e97   Thumb Code    20  stm32f1xx_hal_tim.o(i.TIM_ETR_SetConfig)
    TIM_OC2_SetConfig                        0x08003f0d   Thumb Code    84  stm32f1xx_hal_tim.o(i.TIM_OC2_SetConfig)
    UART_Start_Receive_DMA                   0x08004375   Thumb Code   130  stm32f1xx_hal_uart.o(i.UART_Start_Receive_DMA)
    USART1_IRQHandler                        0x08004405   Thumb Code   102  stm32f1xx_it.o(i.USART1_IRQHandler)
    UsageFault_Handler                       0x08004485   Thumb Code     2  stm32f1xx_it.o(i.UsageFault_Handler)
    _is_digit                                0x080044a7   Thumb Code    14  __printf_wp.o(i._is_digit)
    angle_limit                              0x080044b5   Thumb Code    30  servo.o(i.angle_limit)
    delay_us                                 0x080044d5   Thumb Code    22  ps2.o(i.delay_us)
    floor                                    0x080044f1   Thumb Code   204  floor.o(i.floor)
    main                                     0x080045cd   Thumb Code   268  main.o(i.main)
    map                                      0x080046fd   Thumb Code    30  ps2.o(i.map)
    pca_read                                 0x0800471d   Thumb Code    44  pca9685.o(i.pca_read)
    pca_setfreq                              0x0800474d   Thumb Code   138  pca9685.o(i.pca_setfreq)
    pca_setpwm                               0x080047ed   Thumb Code    72  pca9685.o(i.pca_setpwm)
    pca_write                                0x08004835   Thumb Code    30  pca9685.o(i.pca_write)
    __aeabi_d2f                              0x08004859   Thumb Code     0  d2f.o(x$fpl$d2f)
    _d2f                                     0x08004859   Thumb Code    98  d2f.o(x$fpl$d2f)
    __aeabi_dadd                             0x080048bd   Thumb Code     0  daddsub_clz.o(x$fpl$dadd)
    _dadd                                    0x080048bd   Thumb Code   332  daddsub_clz.o(x$fpl$dadd)
    __fpl_dcheck_NaN1                        0x08004a0d   Thumb Code    10  dcheck1.o(x$fpl$dcheck1)
    __fpl_dcmp_Inf                           0x08004a1d   Thumb Code    24  dcmpi.o(x$fpl$dcmpinf)
    __aeabi_ddiv                             0x08004a35   Thumb Code     0  ddiv.o(x$fpl$ddiv)
    _ddiv                                    0x08004a35   Thumb Code   552  ddiv.o(x$fpl$ddiv)
    __aeabi_d2uiz                            0x08004ce5   Thumb Code     0  dfixu.o(x$fpl$dfixu)
    _dfixu                                   0x08004ce5   Thumb Code    90  dfixu.o(x$fpl$dfixu)
    __aeabi_cdcmple                          0x08004d41   Thumb Code     0  dleqf.o(x$fpl$dleqf)
    _dcmple                                  0x08004d41   Thumb Code   120  dleqf.o(x$fpl$dleqf)
    __fpl_dcmple_InfNaN                      0x08004da3   Thumb Code     0  dleqf.o(x$fpl$dleqf)
    __aeabi_dmul                             0x08004db9   Thumb Code     0  dmul.o(x$fpl$dmul)
    _dmul                                    0x08004db9   Thumb Code   332  dmul.o(x$fpl$dmul)
    __fpl_dnaninf                            0x08004f0d   Thumb Code   156  dnaninf.o(x$fpl$dnaninf)
    __fpl_dretinf                            0x08004fa9   Thumb Code    12  dretinf.o(x$fpl$dretinf)
    __aeabi_cdrcmple                         0x08004fb5   Thumb Code     0  drleqf.o(x$fpl$drleqf)
    _drcmple                                 0x08004fb5   Thumb Code   108  drleqf.o(x$fpl$drleqf)
    __aeabi_drsub                            0x08005021   Thumb Code     0  daddsub_clz.o(x$fpl$drsb)
    _drsb                                    0x08005021   Thumb Code    22  daddsub_clz.o(x$fpl$drsb)
    __aeabi_dsub                             0x08005039   Thumb Code     0  daddsub_clz.o(x$fpl$dsub)
    _dsub                                    0x08005039   Thumb Code   464  daddsub_clz.o(x$fpl$dsub)
    __aeabi_f2d                              0x0800520d   Thumb Code     0  f2d.o(x$fpl$f2d)
    _f2d                                     0x0800520d   Thumb Code    86  f2d.o(x$fpl$f2d)
    __fpl_fnaninf                            0x08005263   Thumb Code   140  fnaninf.o(x$fpl$fnaninf)
    __fpl_fretinf                            0x080052ef   Thumb Code    10  fretinf.o(x$fpl$fretinf)
    __fpl_return_NaN                         0x080052f9   Thumb Code   100  retnan.o(x$fpl$retnan)
    __ARM_scalbn                             0x0800535d   Thumb Code    92  scalbn.o(x$fpl$scalbn)
    __fpl_cmpreturn                          0x080053b9   Thumb Code    48  trapv.o(x$fpl$trapveneer)
    __I$use$fp                               0x080053e8   Number         0  usenofp.o(x$fpl$usenofp)
    AHBPrescTable                            0x080053fa   Data          16  system_stm32f1xx.o(.constdata)
    APBPrescTable                            0x0800540a   Data           8  system_stm32f1xx.o(.constdata)
    Region$$Table$$Base                      0x08005424   Number         0  anon$$obj.o(Region$$Table)
    Region$$Table$$Limit                     0x08005444   Number         0  anon$$obj.o(Region$$Table)
    Handkey                                  0x20000000   Data           2  ps2.o(.data)
    Comd                                     0x20000002   Data           4  ps2.o(.data)
    MASK                                     0x20000006   Data          32  ps2.o(.data)
    usart1_rx_len                            0x20000026   Data           1  main.o(.data)
    usart1_rx_state                          0x20000027   Data           1  main.o(.data)
    uwTickFreq                               0x20000028   Data           1  stm32f1xx_hal.o(.data)
    uwTickPrio                               0x2000002c   Data           4  stm32f1xx_hal.o(.data)
    uwTick                                   0x20000030   Data           4  stm32f1xx_hal.o(.data)
    SystemCoreClock                          0x20000034   Data           4  system_stm32f1xx.o(.data)
    Data                                     0x20000038   Data           9  ps2.o(.bss)
    tmp_usart1_rx_buffer                     0x20000041   Data         300  main.o(.bss)
    g_usart1_rx_buff                         0x2000016d   Data         300  main.o(.bss)
    tmp_usart2_rx_buffer                     0x20000299   Data         300  main.o(.bss)
    hcan                                     0x200003c8   Data          40  can.o(.bss)
    hi2c1                                    0x200003f0   Data          84  i2c.o(.bss)
    htim1                                    0x20000444   Data          72  tim.o(.bss)
    htim3                                    0x2000048c   Data          72  tim.o(.bss)
    huart1                                   0x200004d4   Data          72  usart.o(.bss)
    huart2                                   0x2000051c   Data          72  usart.o(.bss)
    huart3                                   0x20000564   Data          72  usart.o(.bss)
    hdma_usart1_rx                           0x200005ac   Data          68  usart.o(.bss)
    hdma_usart1_tx                           0x200005f0   Data          68  usart.o(.bss)
    hdma_usart2_rx                           0x20000634   Data          68  usart.o(.bss)
    hdma_usart2_tx                           0x20000678   Data          68  usart.o(.bss)
    __libspace_start                         0x200006bc   Data          96  libspace.o(.bss)
    __temporary_stack_top$libspace           0x2000071c   Data           0  libspace.o(.bss)



==============================================================================

Memory Map of the image

  Image Entry point : 0x080000ed

  Load Region LR_IROM1 (Base: 0x08000000, Size: 0x0000547c, Max: 0x00010000, ABSOLUTE)

    Execution Region ER_IROM1 (Exec base: 0x08000000, Load base: 0x08000000, Size: 0x00005444, Max: 0x00010000, ABSOLUTE)

    Exec Addr    Load Addr    Size         Type   Attr      Idx    E Section Name        Object

    0x08000000   0x08000000   0x000000ec   Data   RO            3    RESET               startup_stm32f103xb.o
    0x080000ec   0x080000ec   0x00000008   Code   RO         4115  * !!!main             c_w.l(__main.o)
    0x080000f4   0x080000f4   0x00000034   Code   RO         4555    !!!scatter          c_w.l(__scatter.o)
    0x08000128   0x08000128   0x0000001a   Code   RO         4557    !!handler_copy      c_w.l(__scatter_copy.o)
    0x08000142   0x08000142   0x00000002   PAD
    0x08000144   0x08000144   0x0000001c   Code   RO         4559    !!handler_zi        c_w.l(__scatter_zi.o)
    0x08000160   0x08000160   0x00000000   Code   RO         4098    .ARM.Collect$$_printf_percent$$00000000  c_w.l(_printf_percent.o)
    0x08000160   0x08000160   0x00000006   Code   RO         4097    .ARM.Collect$$_printf_percent$$00000009  c_w.l(_printf_d.o)
    0x08000166   0x08000166   0x00000004   Code   RO         4229    .ARM.Collect$$_printf_percent$$00000017  c_w.l(_printf_percent_end.o)
    0x0800016a   0x0800016a   0x00000002   Code   RO         4382    .ARM.Collect$$libinit$$00000000  c_w.l(libinit.o)
    0x0800016c   0x0800016c   0x00000000   Code   RO         4384    .ARM.Collect$$libinit$$00000002  c_w.l(libinit2.o)
    0x0800016c   0x0800016c   0x00000000   Code   RO         4386    .ARM.Collect$$libinit$$00000004  c_w.l(libinit2.o)
    0x0800016c   0x0800016c   0x00000000   Code   RO         4389    .ARM.Collect$$libinit$$0000000A  c_w.l(libinit2.o)
    0x0800016c   0x0800016c   0x00000000   Code   RO         4391    .ARM.Collect$$libinit$$0000000C  c_w.l(libinit2.o)
    0x0800016c   0x0800016c   0x00000000   Code   RO         4393    .ARM.Collect$$libinit$$0000000E  c_w.l(libinit2.o)
    0x0800016c   0x0800016c   0x00000000   Code   RO         4396    .ARM.Collect$$libinit$$00000011  c_w.l(libinit2.o)
    0x0800016c   0x0800016c   0x00000000   Code   RO         4398    .ARM.Collect$$libinit$$00000013  c_w.l(libinit2.o)
    0x0800016c   0x0800016c   0x00000000   Code   RO         4400    .ARM.Collect$$libinit$$00000015  c_w.l(libinit2.o)
    0x0800016c   0x0800016c   0x00000000   Code   RO         4402    .ARM.Collect$$libinit$$00000017  c_w.l(libinit2.o)
    0x0800016c   0x0800016c   0x00000000   Code   RO         4404    .ARM.Collect$$libinit$$00000019  c_w.l(libinit2.o)
    0x0800016c   0x0800016c   0x00000000   Code   RO         4406    .ARM.Collect$$libinit$$0000001B  c_w.l(libinit2.o)
    0x0800016c   0x0800016c   0x00000000   Code   RO         4408    .ARM.Collect$$libinit$$0000001D  c_w.l(libinit2.o)
    0x0800016c   0x0800016c   0x00000000   Code   RO         4410    .ARM.Collect$$libinit$$0000001F  c_w.l(libinit2.o)
    0x0800016c   0x0800016c   0x00000000   Code   RO         4412    .ARM.Collect$$libinit$$00000021  c_w.l(libinit2.o)
    0x0800016c   0x0800016c   0x00000000   Code   RO         4414    .ARM.Collect$$libinit$$00000023  c_w.l(libinit2.o)
    0x0800016c   0x0800016c   0x00000000   Code   RO         4416    .ARM.Collect$$libinit$$00000025  c_w.l(libinit2.o)
    0x0800016c   0x0800016c   0x00000000   Code   RO         4420    .ARM.Collect$$libinit$$0000002C  c_w.l(libinit2.o)
    0x0800016c   0x0800016c   0x00000000   Code   RO         4422    .ARM.Collect$$libinit$$0000002E  c_w.l(libinit2.o)
    0x0800016c   0x0800016c   0x00000000   Code   RO         4424    .ARM.Collect$$libinit$$00000030  c_w.l(libinit2.o)
    0x0800016c   0x0800016c   0x00000000   Code   RO         4426    .ARM.Collect$$libinit$$00000032  c_w.l(libinit2.o)
    0x0800016c   0x0800016c   0x00000002   Code   RO         4427    .ARM.Collect$$libinit$$00000033  c_w.l(libinit2.o)
    0x0800016e   0x0800016e   0x00000002   Code   RO         4503    .ARM.Collect$$libshutdown$$00000000  c_w.l(libshutdown.o)
    0x08000170   0x08000170   0x00000000   Code   RO         4514    .ARM.Collect$$libshutdown$$00000002  c_w.l(libshutdown2.o)
    0x08000170   0x08000170   0x00000000   Code   RO         4516    .ARM.Collect$$libshutdown$$00000004  c_w.l(libshutdown2.o)
    0x08000170   0x08000170   0x00000000   Code   RO         4519    .ARM.Collect$$libshutdown$$00000007  c_w.l(libshutdown2.o)
    0x08000170   0x08000170   0x00000000   Code   RO         4522    .ARM.Collect$$libshutdown$$0000000A  c_w.l(libshutdown2.o)
    0x08000170   0x08000170   0x00000000   Code   RO         4524    .ARM.Collect$$libshutdown$$0000000C  c_w.l(libshutdown2.o)
    0x08000170   0x08000170   0x00000000   Code   RO         4527    .ARM.Collect$$libshutdown$$0000000F  c_w.l(libshutdown2.o)
    0x08000170   0x08000170   0x00000002   Code   RO         4528    .ARM.Collect$$libshutdown$$00000010  c_w.l(libshutdown2.o)
    0x08000172   0x08000172   0x00000000   Code   RO         4171    .ARM.Collect$$rtentry$$00000000  c_w.l(__rtentry.o)
    0x08000172   0x08000172   0x00000000   Code   RO         4267    .ARM.Collect$$rtentry$$00000002  c_w.l(__rtentry2.o)
    0x08000172   0x08000172   0x00000006   Code   RO         4279    .ARM.Collect$$rtentry$$00000004  c_w.l(__rtentry4.o)
    0x08000178   0x08000178   0x00000000   Code   RO         4269    .ARM.Collect$$rtentry$$00000009  c_w.l(__rtentry2.o)
    0x08000178   0x08000178   0x00000004   Code   RO         4270    .ARM.Collect$$rtentry$$0000000A  c_w.l(__rtentry2.o)
    0x0800017c   0x0800017c   0x00000000   Code   RO         4272    .ARM.Collect$$rtentry$$0000000C  c_w.l(__rtentry2.o)
    0x0800017c   0x0800017c   0x00000008   Code   RO         4273    .ARM.Collect$$rtentry$$0000000D  c_w.l(__rtentry2.o)
    0x08000184   0x08000184   0x00000002   Code   RO         4440    .ARM.Collect$$rtexit$$00000000  c_w.l(rtexit.o)
    0x08000186   0x08000186   0x00000000   Code   RO         4466    .ARM.Collect$$rtexit$$00000002  c_w.l(rtexit2.o)
    0x08000186   0x08000186   0x00000004   Code   RO         4467    .ARM.Collect$$rtexit$$00000003  c_w.l(rtexit2.o)
    0x0800018a   0x0800018a   0x00000006   Code   RO         4468    .ARM.Collect$$rtexit$$00000004  c_w.l(rtexit2.o)
    0x08000190   0x08000190   0x00000040   Code   RO            4    .text               startup_stm32f103xb.o
    0x080001d0   0x080001d0   0x00000038   Code   RO         4062    .text               c_w.l(__2snprintf.o)
    0x08000208   0x08000208   0x0000004e   Code   RO         4070    .text               c_w.l(_printf_pad.o)
    0x08000256   0x08000256   0x00000002   PAD
    0x08000258   0x08000258   0x00000078   Code   RO         4074    .text               c_w.l(_printf_dec.o)
    0x080002d0   0x080002d0   0x00000188   Code   RO         4093    .text               c_w.l(__printf_flags_ss_wp.o)
    0x08000458   0x08000458   0x0000008a   Code   RO         4105    .text               c_w.l(rt_memcpy_v6.o)
    0x080004e2   0x080004e2   0x00000064   Code   RO         4107    .text               c_w.l(rt_memcpy_w.o)
    0x08000546   0x08000546   0x00000044   Code   RO         4109    .text               c_w.l(rt_memclr.o)
    0x0800058a   0x0800058a   0x0000004e   Code   RO         4111    .text               c_w.l(rt_memclr_w.o)
    0x080005d8   0x080005d8   0x00000006   Code   RO         4113    .text               c_w.l(heapauxi.o)
    0x080005de   0x080005de   0x000000b2   Code   RO         4174    .text               c_w.l(_printf_intcommon.o)
    0x08000690   0x08000690   0x00000030   Code   RO         4178    .text               c_w.l(_printf_char_common.o)
    0x080006c0   0x080006c0   0x0000000a   Code   RO         4180    .text               c_w.l(_sputc.o)
    0x080006ca   0x080006ca   0x00000010   Code   RO         4182    .text               c_w.l(_snputc.o)
    0x080006da   0x080006da   0x00000002   PAD
    0x080006dc   0x080006dc   0x00000008   Code   RO         4358    .text               c_w.l(libspace.o)
    0x080006e4   0x080006e4   0x0000004a   Code   RO         4361    .text               c_w.l(sys_stackheap_outer.o)
    0x0800072e   0x0800072e   0x00000012   Code   RO         4373    .text               c_w.l(exit.o)
    0x08000740   0x08000740   0x0000000c   Code   RO         4493    .text               c_w.l(sys_exit.o)
    0x0800074c   0x0800074c   0x00000002   Code   RO         4504    .text               c_w.l(use_no_semi.o)
    0x0800074e   0x0800074e   0x00000000   Code   RO         4506    .text               c_w.l(indicate_semi.o)
    0x0800074e   0x0800074e   0x00000002   Code   RO          820    i.BusFault_Handler  stm32f1xx_it.o
    0x08000750   0x08000750   0x0000000c   Code   RO          821    i.DMA1_Channel4_IRQHandler  stm32f1xx_it.o
    0x0800075c   0x0800075c   0x0000000c   Code   RO          822    i.DMA1_Channel5_IRQHandler  stm32f1xx_it.o
    0x08000768   0x08000768   0x0000000c   Code   RO          823    i.DMA1_Channel6_IRQHandler  stm32f1xx_it.o
    0x08000774   0x08000774   0x0000000c   Code   RO          824    i.DMA1_Channel7_IRQHandler  stm32f1xx_it.o
    0x08000780   0x08000780   0x0000002a   Code   RO         1649    i.DMA_SetConfig     stm32f1xx_hal_dma.o
    0x080007aa   0x080007aa   0x00000002   Code   RO          825    i.DebugMon_Handler  stm32f1xx_it.o
    0x080007ac   0x080007ac   0x00000004   Code   RO          473    i.Error_Handler     main.o
    0x080007b0   0x080007b0   0x0000011a   Code   RO         1049    i.HAL_CAN_Init      stm32f1xx_hal_can.o
    0x080008ca   0x080008ca   0x00000002   PAD
    0x080008cc   0x080008cc   0x00000084   Code   RO          594    i.HAL_CAN_MspInit   can.o
    0x08000950   0x08000950   0x00000046   Code   RO         1650    i.HAL_DMA_Abort     stm32f1xx_hal_dma.o
    0x08000996   0x08000996   0x00000002   PAD
    0x08000998   0x08000998   0x00000098   Code   RO         1651    i.HAL_DMA_Abort_IT  stm32f1xx_hal_dma.o
    0x08000a30   0x08000a30   0x00000006   Code   RO         1654    i.HAL_DMA_GetState  stm32f1xx_hal_dma.o
    0x08000a36   0x08000a36   0x00000002   PAD
    0x08000a38   0x08000a38   0x00000154   Code   RO         1655    i.HAL_DMA_IRQHandler  stm32f1xx_hal_dma.o
    0x08000b8c   0x08000b8c   0x0000005c   Code   RO         1656    i.HAL_DMA_Init      stm32f1xx_hal_dma.o
    0x08000be8   0x08000be8   0x00000070   Code   RO         1660    i.HAL_DMA_Start_IT  stm32f1xx_hal_dma.o
    0x08000c58   0x08000c58   0x00000024   Code   RO         1276    i.HAL_Delay         stm32f1xx_hal.o
    0x08000c7c   0x08000c7c   0x000001e0   Code   RO         1586    i.HAL_GPIO_Init     stm32f1xx_hal_gpio.o
    0x08000e5c   0x08000e5c   0x0000000a   Code   RO         1588    i.HAL_GPIO_ReadPin  stm32f1xx_hal_gpio.o
    0x08000e66   0x08000e66   0x0000000a   Code   RO         1590    i.HAL_GPIO_WritePin  stm32f1xx_hal_gpio.o
    0x08000e70   0x08000e70   0x0000000c   Code   RO         1280    i.HAL_GetTick       stm32f1xx_hal.o
    0x08000e7c   0x08000e7c   0x00000002   Code   RO         2246    i.HAL_I2C_AbortCpltCallback  stm32f1xx_hal_i2c.o
    0x08000e7e   0x08000e7e   0x00000002   Code   RO         2247    i.HAL_I2C_AddrCallback  stm32f1xx_hal_i2c.o
    0x08000e80   0x08000e80   0x000000c4   Code   RO         2250    i.HAL_I2C_ER_IRQHandler  stm32f1xx_hal_i2c.o
    0x08000f44   0x08000f44   0x00000230   Code   RO         2251    i.HAL_I2C_EV_IRQHandler  stm32f1xx_hal_i2c.o
    0x08001174   0x08001174   0x00000002   Code   RO         2253    i.HAL_I2C_ErrorCallback  stm32f1xx_hal_i2c.o
    0x08001176   0x08001176   0x00000002   PAD
    0x08001178   0x08001178   0x00000188   Code   RO         2257    i.HAL_I2C_Init      stm32f1xx_hal_i2c.o
    0x08001300   0x08001300   0x00000002   Code   RO         2259    i.HAL_I2C_ListenCpltCallback  stm32f1xx_hal_i2c.o
    0x08001302   0x08001302   0x00000002   Code   RO         2260    i.HAL_I2C_MasterRxCpltCallback  stm32f1xx_hal_i2c.o
    0x08001304   0x08001304   0x00000002   Code   RO         2261    i.HAL_I2C_MasterTxCpltCallback  stm32f1xx_hal_i2c.o
    0x08001306   0x08001306   0x00000002   PAD
    0x08001308   0x08001308   0x00000250   Code   RO         2263    i.HAL_I2C_Master_Receive  stm32f1xx_hal_i2c.o
    0x08001558   0x08001558   0x0000012c   Code   RO         2270    i.HAL_I2C_Master_Transmit  stm32f1xx_hal_i2c.o
    0x08001684   0x08001684   0x00000002   Code   RO         2273    i.HAL_I2C_MemRxCpltCallback  stm32f1xx_hal_i2c.o
    0x08001686   0x08001686   0x00000002   Code   RO         2274    i.HAL_I2C_MemTxCpltCallback  stm32f1xx_hal_i2c.o
    0x08001688   0x08001688   0x0000007c   Code   RO          661    i.HAL_I2C_MspInit   i2c.o
    0x08001704   0x08001704   0x00000002   Code   RO         2283    i.HAL_I2C_SlaveRxCpltCallback  stm32f1xx_hal_i2c.o
    0x08001706   0x08001706   0x00000002   Code   RO         2284    i.HAL_I2C_SlaveTxCpltCallback  stm32f1xx_hal_i2c.o
    0x08001708   0x08001708   0x00000010   Code   RO         1286    i.HAL_IncTick       stm32f1xx_hal.o
    0x08001718   0x08001718   0x00000024   Code   RO         1287    i.HAL_Init          stm32f1xx_hal.o
    0x0800173c   0x0800173c   0x00000040   Code   RO         1288    i.HAL_InitTick      stm32f1xx_hal.o
    0x0800177c   0x0800177c   0x0000003c   Code   RO          938    i.HAL_MspInit       stm32f1xx_hal_msp.o
    0x080017b8   0x080017b8   0x0000001a   Code   RO         1746    i.HAL_NVIC_EnableIRQ  stm32f1xx_hal_cortex.o
    0x080017d2   0x080017d2   0x00000002   PAD
    0x080017d4   0x080017d4   0x00000040   Code   RO         1752    i.HAL_NVIC_SetPriority  stm32f1xx_hal_cortex.o
    0x08001814   0x08001814   0x00000024   Code   RO         1753    i.HAL_NVIC_SetPriorityGrouping  stm32f1xx_hal_cortex.o
    0x08001838   0x08001838   0x0000012c   Code   RO         1444    i.HAL_RCC_ClockConfig  stm32f1xx_hal_rcc.o
    0x08001964   0x08001964   0x0000000c   Code   RO         1449    i.HAL_RCC_GetHCLKFreq  stm32f1xx_hal_rcc.o
    0x08001970   0x08001970   0x00000020   Code   RO         1451    i.HAL_RCC_GetPCLK1Freq  stm32f1xx_hal_rcc.o
    0x08001990   0x08001990   0x00000020   Code   RO         1452    i.HAL_RCC_GetPCLK2Freq  stm32f1xx_hal_rcc.o
    0x080019b0   0x080019b0   0x0000004c   Code   RO         1453    i.HAL_RCC_GetSysClockFreq  stm32f1xx_hal_rcc.o
    0x080019fc   0x080019fc   0x00000320   Code   RO         1456    i.HAL_RCC_OscConfig  stm32f1xx_hal_rcc.o
    0x08001d1c   0x08001d1c   0x00000028   Code   RO         1757    i.HAL_SYSTICK_Config  stm32f1xx_hal_cortex.o
    0x08001d44   0x08001d44   0x00000054   Code   RO         3392    i.HAL_TIMEx_ConfigBreakDeadTime  stm32f1xx_hal_tim_ex.o
    0x08001d98   0x08001d98   0x00000068   Code   RO         3408    i.HAL_TIMEx_MasterConfigSynchronization  stm32f1xx_hal_tim_ex.o
    0x08001e00   0x08001e00   0x0000005a   Code   RO         2685    i.HAL_TIM_Base_Init  stm32f1xx_hal_tim.o
    0x08001e5a   0x08001e5a   0x00000002   PAD
    0x08001e5c   0x08001e5c   0x00000040   Code   RO          704    i.HAL_TIM_Base_MspInit  tim.o
    0x08001e9c   0x08001e9c   0x000000dc   Code   RO         2694    i.HAL_TIM_ConfigClockSource  stm32f1xx_hal_tim.o
    0x08001f78   0x08001f78   0x00000078   Code   RO          705    i.HAL_TIM_MspPostInit  tim.o
    0x08001ff0   0x08001ff0   0x000000cc   Code   RO         2757    i.HAL_TIM_PWM_ConfigChannel  stm32f1xx_hal_tim.o
    0x080020bc   0x080020bc   0x0000005a   Code   RO         2760    i.HAL_TIM_PWM_Init  stm32f1xx_hal_tim.o
    0x08002116   0x08002116   0x00000002   Code   RO         2762    i.HAL_TIM_PWM_MspInit  stm32f1xx_hal_tim.o
    0x08002118   0x08002118   0x0000009c   Code   RO         2765    i.HAL_TIM_PWM_Start  stm32f1xx_hal_tim.o
    0x080021b4   0x080021b4   0x00000002   Code   RO         3668    i.HAL_UARTEx_RxEventCallback  stm32f1xx_hal_uart.o
    0x080021b6   0x080021b6   0x00000070   Code   RO         3680    i.HAL_UART_DMAStop  stm32f1xx_hal_uart.o
    0x08002226   0x08002226   0x00000002   Code   RO         3682    i.HAL_UART_ErrorCallback  stm32f1xx_hal_uart.o
    0x08002228   0x08002228   0x0000026c   Code   RO         3685    i.HAL_UART_IRQHandler  stm32f1xx_hal_uart.o
    0x08002494   0x08002494   0x00000064   Code   RO         3686    i.HAL_UART_Init     stm32f1xx_hal_uart.o
    0x080024f8   0x080024f8   0x000001d0   Code   RO          762    i.HAL_UART_MspInit  usart.o
    0x080026c8   0x080026c8   0x0000001c   Code   RO         3690    i.HAL_UART_Receive_DMA  stm32f1xx_hal_uart.o
    0x080026e4   0x080026e4   0x00000002   Code   RO         3692    i.HAL_UART_RxCpltCallback  stm32f1xx_hal_uart.o
    0x080026e6   0x080026e6   0x00000002   Code   RO         3693    i.HAL_UART_RxHalfCpltCallback  stm32f1xx_hal_uart.o
    0x080026e8   0x080026e8   0x00000078   Code   RO         3695    i.HAL_UART_Transmit_DMA  stm32f1xx_hal_uart.o
    0x08002760   0x08002760   0x00000002   Code   RO         3697    i.HAL_UART_TxCpltCallback  stm32f1xx_hal_uart.o
    0x08002762   0x08002762   0x00000002   Code   RO         3698    i.HAL_UART_TxHalfCpltCallback  stm32f1xx_hal_uart.o
    0x08002764   0x08002764   0x00000002   Code   RO          826    i.HardFault_Handler  stm32f1xx_it.o
    0x08002766   0x08002766   0x00000002   PAD
    0x08002768   0x08002768   0x0000000c   Code   RO          827    i.I2C1_ER_IRQHandler  stm32f1xx_it.o
    0x08002774   0x08002774   0x0000000c   Code   RO          828    i.I2C1_EV_IRQHandler  stm32f1xx_it.o
    0x08002780   0x08002780   0x000000bc   Code   RO         2295    i.I2C_DMAAbort      stm32f1xx_hal_i2c.o
    0x0800283c   0x0800283c   0x00000010   Code   RO         2298    i.I2C_Flush_DR      stm32f1xx_hal_i2c.o
    0x0800284c   0x0800284c   0x00000158   Code   RO         2299    i.I2C_ITError       stm32f1xx_hal_i2c.o
    0x080029a4   0x080029a4   0x0000002e   Code   RO         2300    i.I2C_IsAcknowledgeFailed  stm32f1xx_hal_i2c.o
    0x080029d2   0x080029d2   0x000000da   Code   RO         2301    i.I2C_MasterReceive_BTF  stm32f1xx_hal_i2c.o
    0x08002aac   0x08002aac   0x000000f4   Code   RO         2302    i.I2C_MasterReceive_RXNE  stm32f1xx_hal_i2c.o
    0x08002ba0   0x08002ba0   0x000000ec   Code   RO         2303    i.I2C_MasterRequestRead  stm32f1xx_hal_i2c.o
    0x08002c8c   0x08002c8c   0x0000009c   Code   RO         2304    i.I2C_MasterRequestWrite  stm32f1xx_hal_i2c.o
    0x08002d28   0x08002d28   0x00000082   Code   RO         2305    i.I2C_MasterTransmit_BTF  stm32f1xx_hal_i2c.o
    0x08002daa   0x08002daa   0x00000002   PAD
    0x08002dac   0x08002dac   0x000000b6   Code   RO         2306    i.I2C_MasterTransmit_TXE  stm32f1xx_hal_i2c.o
    0x08002e62   0x08002e62   0x00000002   PAD
    0x08002e64   0x08002e64   0x00000158   Code   RO         2307    i.I2C_Master_ADDR   stm32f1xx_hal_i2c.o
    0x08002fbc   0x08002fbc   0x0000008c   Code   RO         2308    i.I2C_Master_SB     stm32f1xx_hal_i2c.o
    0x08003048   0x08003048   0x000000a8   Code   RO         2309    i.I2C_MemoryTransmit_TXE_BTF  stm32f1xx_hal_i2c.o
    0x080030f0   0x080030f0   0x00000046   Code   RO         2312    i.I2C_Slave_ADDR    stm32f1xx_hal_i2c.o
    0x08003136   0x08003136   0x00000002   PAD
    0x08003138   0x08003138   0x00000090   Code   RO         2313    i.I2C_Slave_AF      stm32f1xx_hal_i2c.o
    0x080031c8   0x080031c8   0x0000015c   Code   RO         2314    i.I2C_Slave_STOPF   stm32f1xx_hal_i2c.o
    0x08003324   0x08003324   0x00000056   Code   RO         2315    i.I2C_WaitOnBTFFlagUntilTimeout  stm32f1xx_hal_i2c.o
    0x0800337a   0x0800337a   0x00000002   PAD
    0x0800337c   0x0800337c   0x00000090   Code   RO         2316    i.I2C_WaitOnFlagUntilTimeout  stm32f1xx_hal_i2c.o
    0x0800340c   0x0800340c   0x000000bc   Code   RO         2317    i.I2C_WaitOnMasterAddressFlagUntilTimeout  stm32f1xx_hal_i2c.o
    0x080034c8   0x080034c8   0x00000070   Code   RO         2318    i.I2C_WaitOnRXNEFlagUntilTimeout  stm32f1xx_hal_i2c.o
    0x08003538   0x08003538   0x00000056   Code   RO         2319    i.I2C_WaitOnTXEFlagUntilTimeout  stm32f1xx_hal_i2c.o
    0x0800358e   0x0800358e   0x00000002   PAD
    0x08003590   0x08003590   0x0000003c   Code   RO          595    i.MX_CAN_Init       can.o
    0x080035cc   0x080035cc   0x0000005c   Code   RO          636    i.MX_DMA_Init       dma.o
    0x08003628   0x08003628   0x00000080   Code   RO          569    i.MX_GPIO_Init      gpio.o
    0x080036a8   0x080036a8   0x00000040   Code   RO          662    i.MX_I2C1_Init      i2c.o
    0x080036e8   0x080036e8   0x000000dc   Code   RO          706    i.MX_TIM1_Init      tim.o
    0x080037c4   0x080037c4   0x00000098   Code   RO          707    i.MX_TIM3_Init      tim.o
    0x0800385c   0x0800385c   0x00000058   Code   RO          763    i.MX_USART1_UART_Init  usart.o
    0x080038b4   0x080038b4   0x00000058   Code   RO          764    i.MX_USART2_UART_Init  usart.o
    0x0800390c   0x0800390c   0x00000038   Code   RO          765    i.MX_USART3_UART_Init  usart.o
    0x08003944   0x08003944   0x00000002   Code   RO          829    i.MemManage_Handler  stm32f1xx_it.o
    0x08003946   0x08003946   0x00000002   Code   RO          830    i.NMI_Handler       stm32f1xx_it.o
    0x08003948   0x08003948   0x0000001c   Code   RO          233    i.PCA_Servo         pca9685.o
    0x08003964   0x08003964   0x000000d0   Code   RO          234    i.PCA_Servo_Init    pca9685.o
    0x08003a34   0x08003a34   0x0000000c   Code   RO          294    i.PS2_AnologData    ps2.o
    0x08003a40   0x08003a40   0x00000018   Code   RO          295    i.PS2_ClearData     ps2.o
    0x08003a58   0x08003a58   0x00000098   Code   RO          296    i.PS2_Cmd           ps2.o
    0x08003af0   0x08003af0   0x00000064   Code   RO          298    i.PS2_EnterConfing  ps2.o
    0x08003b54   0x08003b54   0x00000064   Code   RO          299    i.PS2_ExitConfing   ps2.o
    0x08003bb8   0x08003bb8   0x000000cc   Code   RO          300    i.PS2_ReadData      ps2.o
    0x08003c84   0x08003c84   0x00000022   Code   RO          302    i.PS2_SetInit       ps2.o
    0x08003ca6   0x08003ca6   0x00000002   PAD
    0x08003ca8   0x08003ca8   0x0000004c   Code   RO          303    i.PS2_ShortPoll     ps2.o
    0x08003cf4   0x08003cf4   0x0000005c   Code   RO          304    i.PS2_TurnOnAnalogMode  ps2.o
    0x08003d50   0x08003d50   0x0000004c   Code   RO          306    i.PS2_VibrationMode  ps2.o
    0x08003d9c   0x08003d9c   0x00000002   Code   RO          831    i.PendSV_Handler    stm32f1xx_it.o
    0x08003d9e   0x08003d9e   0x00000002   Code   RO          832    i.SVC_Handler       stm32f1xx_it.o
    0x08003da0   0x08003da0   0x00000004   Code   RO          833    i.SysTick_Handler   stm32f1xx_it.o
    0x08003da4   0x08003da4   0x0000005e   Code   RO          474    i.SystemClock_Config  main.o
    0x08003e02   0x08003e02   0x00000002   Code   RO         4020    i.SystemInit        system_stm32f1xx.o
    0x08003e04   0x08003e04   0x00000078   Code   RO         2778    i.TIM_Base_SetConfig  stm32f1xx_hal_tim.o
    0x08003e7c   0x08003e7c   0x0000001a   Code   RO         2779    i.TIM_CCxChannelCmd  stm32f1xx_hal_tim.o
    0x08003e96   0x08003e96   0x00000014   Code   RO         2789    i.TIM_ETR_SetConfig  stm32f1xx_hal_tim.o
    0x08003eaa   0x08003eaa   0x00000010   Code   RO         2790    i.TIM_ITRx_SetConfig  stm32f1xx_hal_tim.o
    0x08003eba   0x08003eba   0x00000002   PAD
    0x08003ebc   0x08003ebc   0x00000050   Code   RO         2791    i.TIM_OC1_SetConfig  stm32f1xx_hal_tim.o
    0x08003f0c   0x08003f0c   0x00000058   Code   RO         2792    i.TIM_OC2_SetConfig  stm32f1xx_hal_tim.o
    0x08003f64   0x08003f64   0x00000058   Code   RO         2793    i.TIM_OC3_SetConfig  stm32f1xx_hal_tim.o
    0x08003fbc   0x08003fbc   0x00000044   Code   RO         2794    i.TIM_OC4_SetConfig  stm32f1xx_hal_tim.o
    0x08004000   0x08004000   0x00000022   Code   RO         2796    i.TIM_TI1_ConfigInputStage  stm32f1xx_hal_tim.o
    0x08004022   0x08004022   0x00000024   Code   RO         2798    i.TIM_TI2_ConfigInputStage  stm32f1xx_hal_tim.o
    0x08004046   0x08004046   0x00000010   Code   RO         3699    i.UART_DMAAbortOnError  stm32f1xx_hal_uart.o
    0x08004056   0x08004056   0x0000004a   Code   RO         3700    i.UART_DMAError     stm32f1xx_hal_uart.o
    0x080040a0   0x080040a0   0x00000086   Code   RO         3701    i.UART_DMAReceiveCplt  stm32f1xx_hal_uart.o
    0x08004126   0x08004126   0x0000001e   Code   RO         3703    i.UART_DMARxHalfCplt  stm32f1xx_hal_uart.o
    0x08004144   0x08004144   0x00000042   Code   RO         3705    i.UART_DMATransmitCplt  stm32f1xx_hal_uart.o
    0x08004186   0x08004186   0x0000000a   Code   RO         3707    i.UART_DMATxHalfCplt  stm32f1xx_hal_uart.o
    0x08004190   0x08004190   0x0000004e   Code   RO         3709    i.UART_EndRxTransfer  stm32f1xx_hal_uart.o
    0x080041de   0x080041de   0x0000001c   Code   RO         3710    i.UART_EndTxTransfer  stm32f1xx_hal_uart.o
    0x080041fa   0x080041fa   0x000000c2   Code   RO         3711    i.UART_Receive_IT   stm32f1xx_hal_uart.o
    0x080042bc   0x080042bc   0x000000b8   Code   RO         3712    i.UART_SetConfig    stm32f1xx_hal_uart.o
    0x08004374   0x08004374   0x00000090   Code   RO         3713    i.UART_Start_Receive_DMA  stm32f1xx_hal_uart.o
    0x08004404   0x08004404   0x00000080   Code   RO          834    i.USART1_IRQHandler  stm32f1xx_it.o
    0x08004484   0x08004484   0x00000002   Code   RO          835    i.UsageFault_Handler  stm32f1xx_it.o
    0x08004486   0x08004486   0x00000020   Code   RO         1759    i.__NVIC_SetPriority  stm32f1xx_hal_cortex.o
    0x080044a6   0x080044a6   0x0000000e   Code   RO         4086    i._is_digit         c_w.l(__printf_wp.o)
    0x080044b4   0x080044b4   0x0000001e   Code   RO          183    i.angle_limit       servo.o
    0x080044d2   0x080044d2   0x00000002   PAD
    0x080044d4   0x080044d4   0x0000001c   Code   RO          307    i.delay_us          ps2.o
    0x080044f0   0x080044f0   0x000000dc   Code   RO         4168    i.floor             m_ws.l(floor.o)
    0x080045cc   0x080045cc   0x00000130   Code   RO          475    i.main              main.o
    0x080046fc   0x080046fc   0x0000001e   Code   RO          308    i.map               ps2.o
    0x0800471a   0x0800471a   0x00000002   PAD
    0x0800471c   0x0800471c   0x00000030   Code   RO          235    i.pca_read          pca9685.o
    0x0800474c   0x0800474c   0x000000a0   Code   RO          236    i.pca_setfreq       pca9685.o
    0x080047ec   0x080047ec   0x00000048   Code   RO          237    i.pca_setpwm        pca9685.o
    0x08004834   0x08004834   0x00000024   Code   RO          238    i.pca_write         pca9685.o
    0x08004858   0x08004858   0x00000062   Code   RO         4117    x$fpl$d2f           fz_ws.l(d2f.o)
    0x080048ba   0x080048ba   0x00000002   PAD
    0x080048bc   0x080048bc   0x00000150   Code   RO         4119    x$fpl$dadd          fz_ws.l(daddsub_clz.o)
    0x08004a0c   0x08004a0c   0x00000010   Code   RO         4245    x$fpl$dcheck1       fz_ws.l(dcheck1.o)
    0x08004a1c   0x08004a1c   0x00000018   Code   RO         4428    x$fpl$dcmpinf       fz_ws.l(dcmpi.o)
    0x08004a34   0x08004a34   0x000002b0   Code   RO         4126    x$fpl$ddiv          fz_ws.l(ddiv.o)
    0x08004ce4   0x08004ce4   0x0000005a   Code   RO         4129    x$fpl$dfixu         fz_ws.l(dfixu.o)
    0x08004d3e   0x08004d3e   0x00000002   PAD
    0x08004d40   0x08004d40   0x00000078   Code   RO         4336    x$fpl$dleqf         fz_ws.l(dleqf.o)
    0x08004db8   0x08004db8   0x00000154   Code   RO         4133    x$fpl$dmul          fz_ws.l(dmul.o)
    0x08004f0c   0x08004f0c   0x0000009c   Code   RO         4247    x$fpl$dnaninf       fz_ws.l(dnaninf.o)
    0x08004fa8   0x08004fa8   0x0000000c   Code   RO         4249    x$fpl$dretinf       fz_ws.l(dretinf.o)
    0x08004fb4   0x08004fb4   0x0000006c   Code   RO         4251    x$fpl$drleqf        fz_ws.l(drleqf.o)
    0x08005020   0x08005020   0x00000016   Code   RO         4120    x$fpl$drsb          fz_ws.l(daddsub_clz.o)
    0x08005036   0x08005036   0x00000002   PAD
    0x08005038   0x08005038   0x000001d4   Code   RO         4121    x$fpl$dsub          fz_ws.l(daddsub_clz.o)
    0x0800520c   0x0800520c   0x00000056   Code   RO         4135    x$fpl$f2d           fz_ws.l(f2d.o)
    0x08005262   0x08005262   0x0000008c   Code   RO         4253    x$fpl$fnaninf       fz_ws.l(fnaninf.o)
    0x080052ee   0x080052ee   0x0000000a   Code   RO         4255    x$fpl$fretinf       fz_ws.l(fretinf.o)
    0x080052f8   0x080052f8   0x00000064   Code   RO         4344    x$fpl$retnan        fz_ws.l(retnan.o)
    0x0800535c   0x0800535c   0x0000005c   Code   RO         4163    x$fpl$scalbn        fz_ws.l(scalbn.o)
    0x080053b8   0x080053b8   0x00000030   Code   RO         4432    x$fpl$trapveneer    fz_ws.l(trapv.o)
    0x080053e8   0x080053e8   0x00000000   Code   RO         4265    x$fpl$usenofp       fz_ws.l(usenofp.o)
    0x080053e8   0x080053e8   0x00000012   Data   RO         1457    .constdata          stm32f1xx_hal_rcc.o
    0x080053fa   0x080053fa   0x00000010   Data   RO         4021    .constdata          system_stm32f1xx.o
    0x0800540a   0x0800540a   0x00000008   Data   RO         4022    .constdata          system_stm32f1xx.o
    0x08005412   0x08005412   0x00000011   Data   RO         4094    .constdata          c_w.l(__printf_flags_ss_wp.o)
    0x08005423   0x08005423   0x00000001   PAD
    0x08005424   0x08005424   0x00000020   Data   RO         4553    Region$$Table       anon$$obj.o


    Execution Region RW_IRAM1 (Exec base: 0x20000000, Load base: 0x08005444, Size: 0x00000d20, Max: 0x00005000, ABSOLUTE)

    Exec Addr    Load Addr    Size         Type   Attr      Idx    E Section Name        Object

    0x20000000   0x08005444   0x00000026   Data   RW          310    .data               ps2.o
    0x20000026   0x0800546a   0x00000001   Data   RW          485    .data               main.o
    0x20000027   0x0800546b   0x00000001   Data   RW          486    .data               main.o
    0x20000028   0x0800546c   0x0000000c   Data   RW         1294    .data               stm32f1xx_hal.o
    0x20000034   0x08005478   0x00000004   Data   RW         4023    .data               system_stm32f1xx.o
    0x20000038        -       0x00000009   Zero   RW          309    .bss                ps2.o
    0x20000041        -       0x0000012c   Zero   RW          476    .bss                main.o
    0x2000016d        -       0x0000012c   Zero   RW          477    .bss                main.o
    0x20000299        -       0x0000012c   Zero   RW          478    .bss                main.o
    0x200003c5   0x0800547c   0x00000003   PAD
    0x200003c8        -       0x00000028   Zero   RW          596    .bss                can.o
    0x200003f0        -       0x00000054   Zero   RW          663    .bss                i2c.o
    0x20000444        -       0x00000090   Zero   RW          708    .bss                tim.o
    0x200004d4        -       0x000001e8   Zero   RW          766    .bss                usart.o
    0x200006bc        -       0x00000060   Zero   RW         4359    .bss                c_w.l(libspace.o)
    0x2000071c   0x0800547c   0x00000004   PAD
    0x20000720        -       0x00000200   Zero   RW            2    HEAP                startup_stm32f103xb.o
    0x20000920        -       0x00000400   Zero   RW            1    STACK               startup_stm32f103xb.o


==============================================================================

Image component sizes


      Code (inc. data)   RO Data    RW Data    ZI Data      Debug   Object Name

       192         26          0          0         40       1595   can.o
         0          0          0          0          0     443812   control.o
        92          4          0          0          0        738   dma.o
       128         10          0          0          0        875   gpio.o
       188         26          0          0         84       1561   i2c.o
       402         36          0          2        900       3373   main.o
       552         32          0          0          0       3787   pca9685.o
       928         68          0         38          9       7928   ps2.o
        30          0          0          0          0        750   servo.o
        64         26        236          0       1536        788   startup_stm32f103xb.o
       164         28          0         12          0       5729   stm32f1xx_hal.o
       282          0          0          0          0       1347   stm32f1xx_hal_can.o
       198         14          0          0          0      28827   stm32f1xx_hal_cortex.o
       814         36          0          0          0       5373   stm32f1xx_hal_dma.o
       500         34          0          0          0       3431   stm32f1xx_hal_gpio.o
      5650         94          0          0          0      31312   stm32f1xx_hal_i2c.o
        60          8          0          0          0        830   stm32f1xx_hal_msp.o
      1252         90         18          0          0       5420   stm32f1xx_hal_rcc.o
      1338         44          0          0          0      11992   stm32f1xx_hal_tim.o
       188         12          0          0          0       2084   stm32f1xx_hal_tim_ex.o
      1950         38          0          0          0      15275   stm32f1xx_hal_uart.o
       220         62          0          0          0       7322   stm32f1xx_it.o
         2          0         24          4          0       1055   system_stm32f1xx.o
       556         52          0          0        144       3041   tim.o
       696         68          0          0        488       3416   usart.o

    ----------------------------------------------------------------------
     16480        808        310         56       3204     591661   Object Totals
         0          0         32          0          0          0   (incl. Generated)
        34          0          0          0          3          0   (incl. Padding)

    ----------------------------------------------------------------------

      Code (inc. data)   RO Data    RW Data    ZI Data      Debug   Library Member Name

        56          6          0          0          0         88   __2snprintf.o
         8          0          0          0          0         68   __main.o
       392          4         17          0          0         92   __printf_flags_ss_wp.o
        14          0          0          0          0         68   __printf_wp.o
         0          0          0          0          0          0   __rtentry.o
        12          0          0          0          0          0   __rtentry2.o
         6          0          0          0          0          0   __rtentry4.o
        52          8          0          0          0          0   __scatter.o
        26          0          0          0          0          0   __scatter_copy.o
        28          0          0          0          0          0   __scatter_zi.o
        48          6          0          0          0         96   _printf_char_common.o
         6          0          0          0          0          0   _printf_d.o
       120         16          0          0          0         92   _printf_dec.o
       178          0          0          0          0         88   _printf_intcommon.o
        78          0          0          0          0        108   _printf_pad.o
         0          0          0          0          0          0   _printf_percent.o
         4          0          0          0          0          0   _printf_percent_end.o
        16          0          0          0          0         68   _snputc.o
        10          0          0          0          0         68   _sputc.o
        18          0          0          0          0         80   exit.o
         6          0          0          0          0        152   heapauxi.o
         0          0          0          0          0          0   indicate_semi.o
         2          0          0          0          0          0   libinit.o
         2          0          0          0          0          0   libinit2.o
         2          0          0          0          0          0   libshutdown.o
         2          0          0          0          0          0   libshutdown2.o
         8          4          0          0         96         68   libspace.o
        68          0          0          0          0         68   rt_memclr.o
        78          0          0          0          0         80   rt_memclr_w.o
       138          0          0          0          0         68   rt_memcpy_v6.o
       100          0          0          0          0         80   rt_memcpy_w.o
         2          0          0          0          0          0   rtexit.o
        10          0          0          0          0          0   rtexit2.o
        12          4          0          0          0         68   sys_exit.o
        74          0          0          0          0         80   sys_stackheap_outer.o
         2          0          0          0          0         68   use_no_semi.o
        98          4          0          0          0         92   d2f.o
       826         16          0          0          0        348   daddsub_clz.o
        16          4          0          0          0         68   dcheck1.o
        24          0          0          0          0         68   dcmpi.o
       688        140          0          0          0        208   ddiv.o
        90          4          0          0          0         92   dfixu.o
       120          4          0          0          0         92   dleqf.o
       340         12          0          0          0        104   dmul.o
       156          4          0          0          0         92   dnaninf.o
        12          0          0          0          0         68   dretinf.o
       108          0          0          0          0         80   drleqf.o
        86          4          0          0          0         84   f2d.o
       140          4          0          0          0         84   fnaninf.o
        10          0          0          0          0         68   fretinf.o
       100          0          0          0          0         68   retnan.o
        92          0          0          0          0         68   scalbn.o
        48          0          0          0          0         68   trapv.o
         0          0          0          0          0          0   usenofp.o
       220         16          0          0          0         84   floor.o

    ----------------------------------------------------------------------
      4764        260         18          0        100       3484   Library Totals
        12          0          1          0          4          0   (incl. Padding)

    ----------------------------------------------------------------------

      Code (inc. data)   RO Data    RW Data    ZI Data      Debug   Library Name

      1578         48         17          0         96       1648   c_w.l
      2954        196          0          0          0       1752   fz_ws.l
       220         16          0          0          0         84   m_ws.l

    ----------------------------------------------------------------------
      4764        260         18          0        100       3484   Library Totals

    ----------------------------------------------------------------------

==============================================================================


      Code (inc. data)   RO Data    RW Data    ZI Data      Debug   

     21244       1068        328         56       3304     585417   Grand Totals
     21244       1068        328         56       3304     585417   ELF Image Totals
     21244       1068        328         56          0          0   ROM Totals

==============================================================================

    Total RO  Size (Code + RO Data)                21572 (  21.07kB)
    Total RW  Size (RW Data + ZI Data)              3360 (   3.28kB)
    Total ROM Size (Code + RO Data + RW Data)      21628 (  21.12kB)

==============================================================================

